[unsloth_zoo.log|WARNING]Device does not support bfloat16. Will change to float16.
🦥 Unsloth: Will patch your computer to enable 2x faster free finetuning.
🦥 Unsloth Zoo will now patch everything to make training faster!
==((====))==  Unsloth 2025.12.10: Fast Qwen3_Vl patching. Transformers: 4.57.3.
   \\   /|    Tesla V100-PCIE-32GB. Num GPUs = 1. Max memory: 31.733 GB. Platform: Linux.
O^O/ \_/ \    Torch: 2.5.1+cu121. CUDA: 7.0. CUDA Toolkit: 12.1. Triton: 3.1.0
\        /    Bfloat16 = FALSE. FA [Xformers = 0.0.28.post2. FA2 = False]
 "-____-"     Free license: http://github.com/unslothai/unsloth
Unsloth: Fast downloading is enabled - ignore downloading bars which are red colored!
Unsloth: Making `model.base_model.model.model` require gradients
Traceback (most recent call last):
  File "/gpfs/helios/home/garzonuria/transformers-course/tf_project/src/model_fine_tuning.py", line 322, in <module>
    training_args = SFTConfig(
  File "/gpfs/helios/home/garzonuria/transformers-course/tf_project/hpc/unsloth_compiled_cache/UnslothSFTTrainer.py", line 466, in __init__
    super().__init__(
  File "<string>", line 152, in __init__
  File "/gpfs/helios/home/garzonuria/transformers-course/transformers-venv/lib/python3.10/site-packages/trl/trainer/sft_config.py", line 262, in __post_init__
    super().__post_init__()
  File "/gpfs/helios/home/garzonuria/transformers-course/transformers-venv/lib/python3.10/site-packages/transformers/training_args.py", line 1747, in __post_init__
    raise ValueError(error_message)
ValueError: Your setup doesn't support bf16/gpu. You need Ampere+ GPU with cuda>=11.0
