[unsloth_zoo.log|WARNING]Device does not support bfloat16. Will change to float16.
🦥 Unsloth: Will patch your computer to enable 2x faster free finetuning.
🦥 Unsloth Zoo will now patch everything to make training faster!
==((====))==  Unsloth 2025.12.10: Fast Qwen3_Vl patching. Transformers: 4.57.3.
   \\   /|    Tesla V100-PCIE-32GB. Num GPUs = 1. Max memory: 31.733 GB. Platform: Linux.
O^O/ \_/ \    Torch: 2.5.0+cu124. CUDA: 7.0. CUDA Toolkit: 12.4. Triton: 3.1.0
\        /    Bfloat16 = FALSE. FA [Xformers = 0.0.28.post2. FA2 = False]
 "-____-"     Free license: http://github.com/unslothai/unsloth
Unsloth: Fast downloading is enabled - ignore downloading bars which are red colored!
Unsloth: Making `model.base_model.model.model` require gradients
Loading and processing datasets...
Adding response type metadata...
[Init] Loading Unsloth LoRA model from: ../hpc/qwen3_vl_lora_finetuned
==((====))==  Unsloth 2025.12.10: Fast Qwen3_Vl patching. Transformers: 4.57.3.
   \\   /|    Tesla V100-PCIE-32GB. Num GPUs = 1. Max memory: 31.733 GB. Platform: Linux.
O^O/ \_/ \    Torch: 2.5.0+cu124. CUDA: 7.0. CUDA Toolkit: 12.4. Triton: 3.1.0
\        /    Bfloat16 = FALSE. FA [Xformers = 0.0.28.post2. FA2 = False]
 "-____-"     Free license: http://github.com/unslothai/unsloth
Unsloth: Fast downloading is enabled - ignore downloading bars which are red colored!
slurmstepd: error: *** JOB 62171795 ON falcon1 CANCELLED AT 2026-01-22T20:23:30 DUE TO TIME LIMIT ***
