🦥 Unsloth: Will patch your computer to enable 2x faster free finetuning.
🦥 Unsloth Zoo will now patch everything to make training faster!
==((====))==  Unsloth 2025.12.10: Fast Qwen3_Vl patching. Transformers: 4.57.3.
   \\   /|    NVIDIA A100-PCIE-40GB. Num GPUs = 1. Max memory: 39.494 GB. Platform: Linux.
O^O/ \_/ \    Torch: 2.5.0+cu124. CUDA: 8.0. CUDA Toolkit: 12.4. Triton: 3.1.0
\        /    Bfloat16 = TRUE. FA [Xformers = 0.0.28.post2. FA2 = False]
 "-____-"     Free license: http://github.com/unslothai/unsloth
Unsloth: Fast downloading is enabled - ignore downloading bars which are red colored!
The model is already on multiple devices. Skipping the move to device specified in `args`.
==((====))==  Unsloth - 2x faster free finetuning | Num GPUs used = 1
   \\   /|    Num examples = 16 | Num Epochs = 3 | Total steps = 3
O^O/ \_/ \    Batch size per device = 8 | Gradient accumulation steps = 4
\        /    Data Parallel GPUs = 1 | Total batch size (8 x 4 x 1) = 32
 "-____-"     Trainable parameters = 132,120,576 of 4,569,936,384 (2.89% trained)
Loading datasets: ALL (default)
Training samples: 16
Unsloth: Model does not have a default image size - using 512
  0%|          | 0/3 [00:00<?, ?it/s] 33%|███▎      | 1/3 [00:38<01:16, 38.04s/it] 67%|██████▋   | 2/3 [00:41<00:17, 17.82s/it]100%|██████████| 3/3 [00:42<00:00, 10.27s/it]                                             100%|██████████| 3/3 [00:44<00:00, 10.27s/it]100%|██████████| 3/3 [00:44<00:00, 14.83s/it]
Unsloth: Will smartly offload gradients to save VRAM!
{'train_runtime': 44.4915, 'train_samples_per_second': 1.079, 'train_steps_per_second': 0.067, 'train_loss': 3.4138501485188804, 'epoch': 3.0}
Training completed.
TrainOutput(global_step=3, training_loss=3.4138501485188804, metrics={'train_runtime': 44.4915, 'train_samples_per_second': 1.079, 'train_steps_per_second': 0.067, 'total_flos': 167077979185152.0, 'train_loss': 3.4138501485188804, 'epoch': 3.0})
