Collecting unsloth@ git+https://github.com/unslothai/unsloth.git (from unsloth[colab-new]@ git+https://github.com/unslothai/unsloth.git)
  Cloning https://github.com/unslothai/unsloth.git to /tmp/pip-install-y_38qilu/unsloth_8e0744bd69234b09a8f46d37d06d7868
  Running command git clone --filter=blob:none --quiet https://github.com/unslothai/unsloth.git /tmp/pip-install-y_38qilu/unsloth_8e0744bd69234b09a8f46d37d06d7868
  Resolved https://github.com/unslothai/unsloth.git to commit 842e8d89b180289ec861474bcdc9b74cc6dca2d8
  Installing build dependencies: started
  Installing build dependencies: finished with status 'done'
  Getting requirements to build wheel: started
  Getting requirements to build wheel: finished with status 'done'
  Preparing metadata (pyproject.toml): started
  Preparing metadata (pyproject.toml): finished with status 'done'
Requirement already satisfied: unsloth_zoo>=2025.12.8 in /gpfs/helios/home/garzonuria/transformers-course/transformers-venv/lib/python3.10/site-packages (from unsloth@ git+https://github.com/unslothai/unsloth.git->unsloth[colab-new]@ git+https://github.com/unslothai/unsloth.git) (2025.12.8)
Requirement already satisfied: packaging in /gpfs/helios/home/garzonuria/transformers-course/transformers-venv/lib/python3.10/site-packages (from unsloth@ git+https://github.com/unslothai/unsloth.git->unsloth[colab-new]@ git+https://github.com/unslothai/unsloth.git) (25.0)
Requirement already satisfied: tyro in /gpfs/helios/home/garzonuria/transformers-course/transformers-venv/lib/python3.10/site-packages (from unsloth@ git+https://github.com/unslothai/unsloth.git->unsloth[colab-new]@ git+https://github.com/unslothai/unsloth.git) (1.0.3)
Requirement already satisfied: transformers!=4.52.0,!=4.52.1,!=4.52.2,!=4.52.3,!=4.53.0,!=4.54.0,!=4.55.0,!=4.55.1,!=4.57.0,<=4.57.3,>=4.51.3 in /gpfs/helios/home/garzonuria/transformers-course/transformers-venv/lib/python3.10/site-packages (from unsloth@ git+https://github.com/unslothai/unsloth.git->unsloth[colab-new]@ git+https://github.com/unslothai/unsloth.git) (4.57.3)
Requirement already satisfied: datasets!=4.0.*,!=4.1.0,<4.4.0,>=3.4.1 in /gpfs/helios/home/garzonuria/transformers-course/transformers-venv/lib/python3.10/site-packages (from unsloth@ git+https://github.com/unslothai/unsloth.git->unsloth[colab-new]@ git+https://github.com/unslothai/unsloth.git) (4.3.0)
Requirement already satisfied: sentencepiece>=0.2.0 in /gpfs/helios/home/garzonuria/transformers-course/transformers-venv/lib/python3.10/site-packages (from unsloth@ git+https://github.com/unslothai/unsloth.git->unsloth[colab-new]@ git+https://github.com/unslothai/unsloth.git) (0.2.1)
Requirement already satisfied: tqdm in /gpfs/helios/home/garzonuria/transformers-course/transformers-venv/lib/python3.10/site-packages (from unsloth@ git+https://github.com/unslothai/unsloth.git->unsloth[colab-new]@ git+https://github.com/unslothai/unsloth.git) (4.67.1)
Requirement already satisfied: psutil in /gpfs/helios/home/garzonuria/transformers-course/transformers-venv/lib/python3.10/site-packages (from unsloth@ git+https://github.com/unslothai/unsloth.git->unsloth[colab-new]@ git+https://github.com/unslothai/unsloth.git) (7.2.1)
Requirement already satisfied: wheel>=0.42.0 in /gpfs/helios/home/garzonuria/transformers-course/transformers-venv/lib/python3.10/site-packages (from unsloth@ git+https://github.com/unslothai/unsloth.git->unsloth[colab-new]@ git+https://github.com/unslothai/unsloth.git) (0.45.1)
Requirement already satisfied: numpy in /gpfs/helios/home/garzonuria/transformers-course/transformers-venv/lib/python3.10/site-packages (from unsloth@ git+https://github.com/unslothai/unsloth.git->unsloth[colab-new]@ git+https://github.com/unslothai/unsloth.git) (2.2.6)
Requirement already satisfied: protobuf in /gpfs/helios/home/garzonuria/transformers-course/transformers-venv/lib/python3.10/site-packages (from unsloth@ git+https://github.com/unslothai/unsloth.git->unsloth[colab-new]@ git+https://github.com/unslothai/unsloth.git) (6.33.2)
Requirement already satisfied: huggingface_hub>=0.34.0 in /gpfs/helios/home/garzonuria/transformers-course/transformers-venv/lib/python3.10/site-packages (from unsloth@ git+https://github.com/unslothai/unsloth.git->unsloth[colab-new]@ git+https://github.com/unslothai/unsloth.git) (0.36.0)
Requirement already satisfied: hf_transfer in /gpfs/helios/home/garzonuria/transformers-course/transformers-venv/lib/python3.10/site-packages (from unsloth@ git+https://github.com/unslothai/unsloth.git->unsloth[colab-new]@ git+https://github.com/unslothai/unsloth.git) (0.1.9)
Requirement already satisfied: bitsandbytes!=0.46.0,!=0.48.0,>=0.45.5 in /gpfs/helios/home/garzonuria/transformers-course/transformers-venv/lib/python3.10/site-packages (from unsloth@ git+https://github.com/unslothai/unsloth.git->unsloth[colab-new]@ git+https://github.com/unslothai/unsloth.git) (0.49.0)
Requirement already satisfied: filelock in /gpfs/helios/home/garzonuria/transformers-course/transformers-venv/lib/python3.10/site-packages (from datasets!=4.0.*,!=4.1.0,<4.4.0,>=3.4.1->unsloth@ git+https://github.com/unslothai/unsloth.git->unsloth[colab-new]@ git+https://github.com/unslothai/unsloth.git) (3.20.0)
Requirement already satisfied: pyarrow>=21.0.0 in /gpfs/helios/home/garzonuria/transformers-course/transformers-venv/lib/python3.10/site-packages (from datasets!=4.0.*,!=4.1.0,<4.4.0,>=3.4.1->unsloth@ git+https://github.com/unslothai/unsloth.git->unsloth[colab-new]@ git+https://github.com/unslothai/unsloth.git) (22.0.0)
Requirement already satisfied: dill<0.4.1,>=0.3.0 in /gpfs/helios/home/garzonuria/transformers-course/transformers-venv/lib/python3.10/site-packages (from datasets!=4.0.*,!=4.1.0,<4.4.0,>=3.4.1->unsloth@ git+https://github.com/unslothai/unsloth.git->unsloth[colab-new]@ git+https://github.com/unslothai/unsloth.git) (0.4.0)
Requirement already satisfied: pandas in /gpfs/helios/home/garzonuria/transformers-course/transformers-venv/lib/python3.10/site-packages (from datasets!=4.0.*,!=4.1.0,<4.4.0,>=3.4.1->unsloth@ git+https://github.com/unslothai/unsloth.git->unsloth[colab-new]@ git+https://github.com/unslothai/unsloth.git) (2.3.3)
Requirement already satisfied: requests>=2.32.2 in /gpfs/helios/home/garzonuria/transformers-course/transformers-venv/lib/python3.10/site-packages (from datasets!=4.0.*,!=4.1.0,<4.4.0,>=3.4.1->unsloth@ git+https://github.com/unslothai/unsloth.git->unsloth[colab-new]@ git+https://github.com/unslothai/unsloth.git) (2.32.5)
Requirement already satisfied: httpx<1.0.0 in /gpfs/helios/home/garzonuria/transformers-course/transformers-venv/lib/python3.10/site-packages (from datasets!=4.0.*,!=4.1.0,<4.4.0,>=3.4.1->unsloth@ git+https://github.com/unslothai/unsloth.git->unsloth[colab-new]@ git+https://github.com/unslothai/unsloth.git) (0.28.1)
Requirement already satisfied: xxhash in /gpfs/helios/home/garzonuria/transformers-course/transformers-venv/lib/python3.10/site-packages (from datasets!=4.0.*,!=4.1.0,<4.4.0,>=3.4.1->unsloth@ git+https://github.com/unslothai/unsloth.git->unsloth[colab-new]@ git+https://github.com/unslothai/unsloth.git) (3.6.0)
Requirement already satisfied: multiprocess<0.70.17 in /gpfs/helios/home/garzonuria/transformers-course/transformers-venv/lib/python3.10/site-packages (from datasets!=4.0.*,!=4.1.0,<4.4.0,>=3.4.1->unsloth@ git+https://github.com/unslothai/unsloth.git->unsloth[colab-new]@ git+https://github.com/unslothai/unsloth.git) (0.70.16)
Requirement already satisfied: fsspec<=2025.9.0,>=2023.1.0 in /gpfs/helios/home/garzonuria/transformers-course/transformers-venv/lib/python3.10/site-packages (from fsspec[http]<=2025.9.0,>=2023.1.0->datasets!=4.0.*,!=4.1.0,<4.4.0,>=3.4.1->unsloth@ git+https://github.com/unslothai/unsloth.git->unsloth[colab-new]@ git+https://github.com/unslothai/unsloth.git) (2025.9.0)
Requirement already satisfied: pyyaml>=5.1 in /gpfs/helios/home/garzonuria/transformers-course/transformers-venv/lib/python3.10/site-packages (from datasets!=4.0.*,!=4.1.0,<4.4.0,>=3.4.1->unsloth@ git+https://github.com/unslothai/unsloth.git->unsloth[colab-new]@ git+https://github.com/unslothai/unsloth.git) (6.0.3)
Requirement already satisfied: aiohttp!=4.0.0a0,!=4.0.0a1 in /gpfs/helios/home/garzonuria/transformers-course/transformers-venv/lib/python3.10/site-packages (from fsspec[http]<=2025.9.0,>=2023.1.0->datasets!=4.0.*,!=4.1.0,<4.4.0,>=3.4.1->unsloth@ git+https://github.com/unslothai/unsloth.git->unsloth[colab-new]@ git+https://github.com/unslothai/unsloth.git) (3.13.2)
Requirement already satisfied: anyio in /gpfs/helios/home/garzonuria/transformers-course/transformers-venv/lib/python3.10/site-packages (from httpx<1.0.0->datasets!=4.0.*,!=4.1.0,<4.4.0,>=3.4.1->unsloth@ git+https://github.com/unslothai/unsloth.git->unsloth[colab-new]@ git+https://github.com/unslothai/unsloth.git) (4.12.0)
Requirement already satisfied: certifi in /gpfs/helios/home/garzonuria/transformers-course/transformers-venv/lib/python3.10/site-packages (from httpx<1.0.0->datasets!=4.0.*,!=4.1.0,<4.4.0,>=3.4.1->unsloth@ git+https://github.com/unslothai/unsloth.git->unsloth[colab-new]@ git+https://github.com/unslothai/unsloth.git) (2025.11.12)
Requirement already satisfied: httpcore==1.* in /gpfs/helios/home/garzonuria/transformers-course/transformers-venv/lib/python3.10/site-packages (from httpx<1.0.0->datasets!=4.0.*,!=4.1.0,<4.4.0,>=3.4.1->unsloth@ git+https://github.com/unslothai/unsloth.git->unsloth[colab-new]@ git+https://github.com/unslothai/unsloth.git) (1.0.9)
Requirement already satisfied: idna in /gpfs/helios/home/garzonuria/transformers-course/transformers-venv/lib/python3.10/site-packages (from httpx<1.0.0->datasets!=4.0.*,!=4.1.0,<4.4.0,>=3.4.1->unsloth@ git+https://github.com/unslothai/unsloth.git->unsloth[colab-new]@ git+https://github.com/unslothai/unsloth.git) (3.11)
Requirement already satisfied: h11>=0.16 in /gpfs/helios/home/garzonuria/transformers-course/transformers-venv/lib/python3.10/site-packages (from httpcore==1.*->httpx<1.0.0->datasets!=4.0.*,!=4.1.0,<4.4.0,>=3.4.1->unsloth@ git+https://github.com/unslothai/unsloth.git->unsloth[colab-new]@ git+https://github.com/unslothai/unsloth.git) (0.16.0)
Requirement already satisfied: typing-extensions>=3.7.4.3 in /gpfs/helios/home/garzonuria/transformers-course/transformers-venv/lib/python3.10/site-packages (from huggingface_hub>=0.34.0->unsloth@ git+https://github.com/unslothai/unsloth.git->unsloth[colab-new]@ git+https://github.com/unslothai/unsloth.git) (4.15.0)
Requirement already satisfied: hf-xet<2.0.0,>=1.1.3 in /gpfs/helios/home/garzonuria/transformers-course/transformers-venv/lib/python3.10/site-packages (from huggingface_hub>=0.34.0->unsloth@ git+https://github.com/unslothai/unsloth.git->unsloth[colab-new]@ git+https://github.com/unslothai/unsloth.git) (1.2.0)
Requirement already satisfied: regex!=2019.12.17 in /gpfs/helios/home/garzonuria/transformers-course/transformers-venv/lib/python3.10/site-packages (from transformers!=4.52.0,!=4.52.1,!=4.52.2,!=4.52.3,!=4.53.0,!=4.54.0,!=4.55.0,!=4.55.1,!=4.57.0,<=4.57.3,>=4.51.3->unsloth@ git+https://github.com/unslothai/unsloth.git->unsloth[colab-new]@ git+https://github.com/unslothai/unsloth.git) (2025.11.3)
Requirement already satisfied: tokenizers<=0.23.0,>=0.22.0 in /gpfs/helios/home/garzonuria/transformers-course/transformers-venv/lib/python3.10/site-packages (from transformers!=4.52.0,!=4.52.1,!=4.52.2,!=4.52.3,!=4.53.0,!=4.54.0,!=4.55.0,!=4.55.1,!=4.57.0,<=4.57.3,>=4.51.3->unsloth@ git+https://github.com/unslothai/unsloth.git->unsloth[colab-new]@ git+https://github.com/unslothai/unsloth.git) (0.22.1)
Requirement already satisfied: safetensors>=0.4.3 in /gpfs/helios/home/garzonuria/transformers-course/transformers-venv/lib/python3.10/site-packages (from transformers!=4.52.0,!=4.52.1,!=4.52.2,!=4.52.3,!=4.53.0,!=4.54.0,!=4.55.0,!=4.55.1,!=4.57.0,<=4.57.3,>=4.51.3->unsloth@ git+https://github.com/unslothai/unsloth.git->unsloth[colab-new]@ git+https://github.com/unslothai/unsloth.git) (0.7.0)
Requirement already satisfied: aiohappyeyeballs>=2.5.0 in /gpfs/helios/home/garzonuria/transformers-course/transformers-venv/lib/python3.10/site-packages (from aiohttp!=4.0.0a0,!=4.0.0a1->fsspec[http]<=2025.9.0,>=2023.1.0->datasets!=4.0.*,!=4.1.0,<4.4.0,>=3.4.1->unsloth@ git+https://github.com/unslothai/unsloth.git->unsloth[colab-new]@ git+https://github.com/unslothai/unsloth.git) (2.6.1)
Requirement already satisfied: aiosignal>=1.4.0 in /gpfs/helios/home/garzonuria/transformers-course/transformers-venv/lib/python3.10/site-packages (from aiohttp!=4.0.0a0,!=4.0.0a1->fsspec[http]<=2025.9.0,>=2023.1.0->datasets!=4.0.*,!=4.1.0,<4.4.0,>=3.4.1->unsloth@ git+https://github.com/unslothai/unsloth.git->unsloth[colab-new]@ git+https://github.com/unslothai/unsloth.git) (1.4.0)
Requirement already satisfied: async-timeout<6.0,>=4.0 in /gpfs/helios/home/garzonuria/transformers-course/transformers-venv/lib/python3.10/site-packages (from aiohttp!=4.0.0a0,!=4.0.0a1->fsspec[http]<=2025.9.0,>=2023.1.0->datasets!=4.0.*,!=4.1.0,<4.4.0,>=3.4.1->unsloth@ git+https://github.com/unslothai/unsloth.git->unsloth[colab-new]@ git+https://github.com/unslothai/unsloth.git) (5.0.1)
Requirement already satisfied: attrs>=17.3.0 in /gpfs/helios/home/garzonuria/transformers-course/transformers-venv/lib/python3.10/site-packages (from aiohttp!=4.0.0a0,!=4.0.0a1->fsspec[http]<=2025.9.0,>=2023.1.0->datasets!=4.0.*,!=4.1.0,<4.4.0,>=3.4.1->unsloth@ git+https://github.com/unslothai/unsloth.git->unsloth[colab-new]@ git+https://github.com/unslothai/unsloth.git) (25.4.0)
Requirement already satisfied: frozenlist>=1.1.1 in /gpfs/helios/home/garzonuria/transformers-course/transformers-venv/lib/python3.10/site-packages (from aiohttp!=4.0.0a0,!=4.0.0a1->fsspec[http]<=2025.9.0,>=2023.1.0->datasets!=4.0.*,!=4.1.0,<4.4.0,>=3.4.1->unsloth@ git+https://github.com/unslothai/unsloth.git->unsloth[colab-new]@ git+https://github.com/unslothai/unsloth.git) (1.8.0)
Requirement already satisfied: multidict<7.0,>=4.5 in /gpfs/helios/home/garzonuria/transformers-course/transformers-venv/lib/python3.10/site-packages (from aiohttp!=4.0.0a0,!=4.0.0a1->fsspec[http]<=2025.9.0,>=2023.1.0->datasets!=4.0.*,!=4.1.0,<4.4.0,>=3.4.1->unsloth@ git+https://github.com/unslothai/unsloth.git->unsloth[colab-new]@ git+https://github.com/unslothai/unsloth.git) (6.7.0)
Requirement already satisfied: propcache>=0.2.0 in /gpfs/helios/home/garzonuria/transformers-course/transformers-venv/lib/python3.10/site-packages (from aiohttp!=4.0.0a0,!=4.0.0a1->fsspec[http]<=2025.9.0,>=2023.1.0->datasets!=4.0.*,!=4.1.0,<4.4.0,>=3.4.1->unsloth@ git+https://github.com/unslothai/unsloth.git->unsloth[colab-new]@ git+https://github.com/unslothai/unsloth.git) (0.4.1)
Requirement already satisfied: yarl<2.0,>=1.17.0 in /gpfs/helios/home/garzonuria/transformers-course/transformers-venv/lib/python3.10/site-packages (from aiohttp!=4.0.0a0,!=4.0.0a1->fsspec[http]<=2025.9.0,>=2023.1.0->datasets!=4.0.*,!=4.1.0,<4.4.0,>=3.4.1->unsloth@ git+https://github.com/unslothai/unsloth.git->unsloth[colab-new]@ git+https://github.com/unslothai/unsloth.git) (1.22.0)
Requirement already satisfied: torch<3,>=2.3 in /gpfs/helios/home/garzonuria/transformers-course/transformers-venv/lib/python3.10/site-packages (from bitsandbytes!=0.46.0,!=0.48.0,>=0.45.5->unsloth@ git+https://github.com/unslothai/unsloth.git->unsloth[colab-new]@ git+https://github.com/unslothai/unsloth.git) (2.5.1+cu121)
Requirement already satisfied: networkx in /gpfs/helios/home/garzonuria/transformers-course/transformers-venv/lib/python3.10/site-packages (from torch<3,>=2.3->bitsandbytes!=0.46.0,!=0.48.0,>=0.45.5->unsloth@ git+https://github.com/unslothai/unsloth.git->unsloth[colab-new]@ git+https://github.com/unslothai/unsloth.git) (3.4.2)
Requirement already satisfied: jinja2 in /gpfs/helios/home/garzonuria/transformers-course/transformers-venv/lib/python3.10/site-packages (from torch<3,>=2.3->bitsandbytes!=0.46.0,!=0.48.0,>=0.45.5->unsloth@ git+https://github.com/unslothai/unsloth.git->unsloth[colab-new]@ git+https://github.com/unslothai/unsloth.git) (3.1.6)
Requirement already satisfied: nvidia-cuda-nvrtc-cu12==12.1.105 in /gpfs/helios/home/garzonuria/transformers-course/transformers-venv/lib/python3.10/site-packages (from torch<3,>=2.3->bitsandbytes!=0.46.0,!=0.48.0,>=0.45.5->unsloth@ git+https://github.com/unslothai/unsloth.git->unsloth[colab-new]@ git+https://github.com/unslothai/unsloth.git) (12.1.105)
Requirement already satisfied: nvidia-cuda-runtime-cu12==12.1.105 in /gpfs/helios/home/garzonuria/transformers-course/transformers-venv/lib/python3.10/site-packages (from torch<3,>=2.3->bitsandbytes!=0.46.0,!=0.48.0,>=0.45.5->unsloth@ git+https://github.com/unslothai/unsloth.git->unsloth[colab-new]@ git+https://github.com/unslothai/unsloth.git) (12.1.105)
Requirement already satisfied: nvidia-cuda-cupti-cu12==12.1.105 in /gpfs/helios/home/garzonuria/transformers-course/transformers-venv/lib/python3.10/site-packages (from torch<3,>=2.3->bitsandbytes!=0.46.0,!=0.48.0,>=0.45.5->unsloth@ git+https://github.com/unslothai/unsloth.git->unsloth[colab-new]@ git+https://github.com/unslothai/unsloth.git) (12.1.105)
Requirement already satisfied: nvidia-cudnn-cu12==9.1.0.70 in /gpfs/helios/home/garzonuria/transformers-course/transformers-venv/lib/python3.10/site-packages (from torch<3,>=2.3->bitsandbytes!=0.46.0,!=0.48.0,>=0.45.5->unsloth@ git+https://github.com/unslothai/unsloth.git->unsloth[colab-new]@ git+https://github.com/unslothai/unsloth.git) (9.1.0.70)
Requirement already satisfied: nvidia-cublas-cu12==12.1.3.1 in /gpfs/helios/home/garzonuria/transformers-course/transformers-venv/lib/python3.10/site-packages (from torch<3,>=2.3->bitsandbytes!=0.46.0,!=0.48.0,>=0.45.5->unsloth@ git+https://github.com/unslothai/unsloth.git->unsloth[colab-new]@ git+https://github.com/unslothai/unsloth.git) (12.1.3.1)
Requirement already satisfied: nvidia-cufft-cu12==11.0.2.54 in /gpfs/helios/home/garzonuria/transformers-course/transformers-venv/lib/python3.10/site-packages (from torch<3,>=2.3->bitsandbytes!=0.46.0,!=0.48.0,>=0.45.5->unsloth@ git+https://github.com/unslothai/unsloth.git->unsloth[colab-new]@ git+https://github.com/unslothai/unsloth.git) (11.0.2.54)
Requirement already satisfied: nvidia-curand-cu12==10.3.2.106 in /gpfs/helios/home/garzonuria/transformers-course/transformers-venv/lib/python3.10/site-packages (from torch<3,>=2.3->bitsandbytes!=0.46.0,!=0.48.0,>=0.45.5->unsloth@ git+https://github.com/unslothai/unsloth.git->unsloth[colab-new]@ git+https://github.com/unslothai/unsloth.git) (10.3.2.106)
Requirement already satisfied: nvidia-cusolver-cu12==11.4.5.107 in /gpfs/helios/home/garzonuria/transformers-course/transformers-venv/lib/python3.10/site-packages (from torch<3,>=2.3->bitsandbytes!=0.46.0,!=0.48.0,>=0.45.5->unsloth@ git+https://github.com/unslothai/unsloth.git->unsloth[colab-new]@ git+https://github.com/unslothai/unsloth.git) (11.4.5.107)
Requirement already satisfied: nvidia-cusparse-cu12==12.1.0.106 in /gpfs/helios/home/garzonuria/transformers-course/transformers-venv/lib/python3.10/site-packages (from torch<3,>=2.3->bitsandbytes!=0.46.0,!=0.48.0,>=0.45.5->unsloth@ git+https://github.com/unslothai/unsloth.git->unsloth[colab-new]@ git+https://github.com/unslothai/unsloth.git) (12.1.0.106)
Requirement already satisfied: nvidia-nccl-cu12==2.21.5 in /gpfs/helios/home/garzonuria/transformers-course/transformers-venv/lib/python3.10/site-packages (from torch<3,>=2.3->bitsandbytes!=0.46.0,!=0.48.0,>=0.45.5->unsloth@ git+https://github.com/unslothai/unsloth.git->unsloth[colab-new]@ git+https://github.com/unslothai/unsloth.git) (2.21.5)
Requirement already satisfied: nvidia-nvtx-cu12==12.1.105 in /gpfs/helios/home/garzonuria/transformers-course/transformers-venv/lib/python3.10/site-packages (from torch<3,>=2.3->bitsandbytes!=0.46.0,!=0.48.0,>=0.45.5->unsloth@ git+https://github.com/unslothai/unsloth.git->unsloth[colab-new]@ git+https://github.com/unslothai/unsloth.git) (12.1.105)
Requirement already satisfied: triton==3.1.0 in /gpfs/helios/home/garzonuria/transformers-course/transformers-venv/lib/python3.10/site-packages (from torch<3,>=2.3->bitsandbytes!=0.46.0,!=0.48.0,>=0.45.5->unsloth@ git+https://github.com/unslothai/unsloth.git->unsloth[colab-new]@ git+https://github.com/unslothai/unsloth.git) (3.1.0)
Requirement already satisfied: sympy==1.13.1 in /gpfs/helios/home/garzonuria/transformers-course/transformers-venv/lib/python3.10/site-packages (from torch<3,>=2.3->bitsandbytes!=0.46.0,!=0.48.0,>=0.45.5->unsloth@ git+https://github.com/unslothai/unsloth.git->unsloth[colab-new]@ git+https://github.com/unslothai/unsloth.git) (1.13.1)
Requirement already satisfied: nvidia-nvjitlink-cu12 in /gpfs/helios/home/garzonuria/transformers-course/transformers-venv/lib/python3.10/site-packages (from nvidia-cusolver-cu12==11.4.5.107->torch<3,>=2.3->bitsandbytes!=0.46.0,!=0.48.0,>=0.45.5->unsloth@ git+https://github.com/unslothai/unsloth.git->unsloth[colab-new]@ git+https://github.com/unslothai/unsloth.git) (12.4.127)
Requirement already satisfied: mpmath<1.4,>=1.1.0 in /gpfs/helios/home/garzonuria/transformers-course/transformers-venv/lib/python3.10/site-packages (from sympy==1.13.1->torch<3,>=2.3->bitsandbytes!=0.46.0,!=0.48.0,>=0.45.5->unsloth@ git+https://github.com/unslothai/unsloth.git->unsloth[colab-new]@ git+https://github.com/unslothai/unsloth.git) (1.3.0)
Requirement already satisfied: charset_normalizer<4,>=2 in /gpfs/helios/home/garzonuria/transformers-course/transformers-venv/lib/python3.10/site-packages (from requests>=2.32.2->datasets!=4.0.*,!=4.1.0,<4.4.0,>=3.4.1->unsloth@ git+https://github.com/unslothai/unsloth.git->unsloth[colab-new]@ git+https://github.com/unslothai/unsloth.git) (3.4.4)
Requirement already satisfied: urllib3<3,>=1.21.1 in /gpfs/helios/home/garzonuria/transformers-course/transformers-venv/lib/python3.10/site-packages (from requests>=2.32.2->datasets!=4.0.*,!=4.1.0,<4.4.0,>=3.4.1->unsloth@ git+https://github.com/unslothai/unsloth.git->unsloth[colab-new]@ git+https://github.com/unslothai/unsloth.git) (2.6.2)
Collecting torchao>=0.13.0 (from unsloth_zoo>=2025.12.8->unsloth@ git+https://github.com/unslothai/unsloth.git->unsloth[colab-new]@ git+https://github.com/unslothai/unsloth.git)
  Downloading torchao-0.15.0-cp310-abi3-manylinux_2_24_x86_64.manylinux_2_28_x86_64.whl.metadata (22 kB)
Requirement already satisfied: accelerate>=0.34.1 in /gpfs/helios/home/garzonuria/transformers-course/transformers-venv/lib/python3.10/site-packages (from unsloth_zoo>=2025.12.8->unsloth@ git+https://github.com/unslothai/unsloth.git->unsloth[colab-new]@ git+https://github.com/unslothai/unsloth.git) (1.12.0)
Requirement already satisfied: trl!=0.19.0,<=0.24.0,>=0.18.2 in /gpfs/helios/home/garzonuria/transformers-course/transformers-venv/lib/python3.10/site-packages (from unsloth_zoo>=2025.12.8->unsloth@ git+https://github.com/unslothai/unsloth.git->unsloth[colab-new]@ git+https://github.com/unslothai/unsloth.git) (0.24.0)
Requirement already satisfied: peft!=0.11.0,>=0.7.1 in /gpfs/helios/home/garzonuria/transformers-course/transformers-venv/lib/python3.10/site-packages (from unsloth_zoo>=2025.12.8->unsloth@ git+https://github.com/unslothai/unsloth.git->unsloth[colab-new]@ git+https://github.com/unslothai/unsloth.git) (0.18.0)
Requirement already satisfied: cut_cross_entropy in /gpfs/helios/home/garzonuria/transformers-course/transformers-venv/lib/python3.10/site-packages (from unsloth_zoo>=2025.12.8->unsloth@ git+https://github.com/unslothai/unsloth.git->unsloth[colab-new]@ git+https://github.com/unslothai/unsloth.git) (25.1.1)
Requirement already satisfied: pillow in /gpfs/helios/home/garzonuria/transformers-course/transformers-venv/lib/python3.10/site-packages (from unsloth_zoo>=2025.12.8->unsloth@ git+https://github.com/unslothai/unsloth.git->unsloth[colab-new]@ git+https://github.com/unslothai/unsloth.git) (12.0.0)
Requirement already satisfied: msgspec in /gpfs/helios/home/garzonuria/transformers-course/transformers-venv/lib/python3.10/site-packages (from unsloth_zoo>=2025.12.8->unsloth@ git+https://github.com/unslothai/unsloth.git->unsloth[colab-new]@ git+https://github.com/unslothai/unsloth.git) (0.20.0)
Requirement already satisfied: exceptiongroup>=1.0.2 in /gpfs/helios/home/garzonuria/transformers-course/transformers-venv/lib/python3.10/site-packages (from anyio->httpx<1.0.0->datasets!=4.0.*,!=4.1.0,<4.4.0,>=3.4.1->unsloth@ git+https://github.com/unslothai/unsloth.git->unsloth[colab-new]@ git+https://github.com/unslothai/unsloth.git) (1.3.1)
Requirement already satisfied: MarkupSafe>=2.0 in /gpfs/helios/home/garzonuria/transformers-course/transformers-venv/lib/python3.10/site-packages (from jinja2->torch<3,>=2.3->bitsandbytes!=0.46.0,!=0.48.0,>=0.45.5->unsloth@ git+https://github.com/unslothai/unsloth.git->unsloth[colab-new]@ git+https://github.com/unslothai/unsloth.git) (2.1.5)
Requirement already satisfied: python-dateutil>=2.8.2 in /gpfs/helios/home/garzonuria/transformers-course/transformers-venv/lib/python3.10/site-packages (from pandas->datasets!=4.0.*,!=4.1.0,<4.4.0,>=3.4.1->unsloth@ git+https://github.com/unslothai/unsloth.git->unsloth[colab-new]@ git+https://github.com/unslothai/unsloth.git) (2.9.0.post0)
Requirement already satisfied: pytz>=2020.1 in /gpfs/helios/home/garzonuria/transformers-course/transformers-venv/lib/python3.10/site-packages (from pandas->datasets!=4.0.*,!=4.1.0,<4.4.0,>=3.4.1->unsloth@ git+https://github.com/unslothai/unsloth.git->unsloth[colab-new]@ git+https://github.com/unslothai/unsloth.git) (2025.2)
Requirement already satisfied: tzdata>=2022.7 in /gpfs/helios/home/garzonuria/transformers-course/transformers-venv/lib/python3.10/site-packages (from pandas->datasets!=4.0.*,!=4.1.0,<4.4.0,>=3.4.1->unsloth@ git+https://github.com/unslothai/unsloth.git->unsloth[colab-new]@ git+https://github.com/unslothai/unsloth.git) (2025.3)
Requirement already satisfied: six>=1.5 in /gpfs/helios/home/garzonuria/transformers-course/transformers-venv/lib/python3.10/site-packages (from python-dateutil>=2.8.2->pandas->datasets!=4.0.*,!=4.1.0,<4.4.0,>=3.4.1->unsloth@ git+https://github.com/unslothai/unsloth.git->unsloth[colab-new]@ git+https://github.com/unslothai/unsloth.git) (1.17.0)
Requirement already satisfied: docstring-parser>=0.15 in /gpfs/helios/home/garzonuria/transformers-course/transformers-venv/lib/python3.10/site-packages (from tyro->unsloth@ git+https://github.com/unslothai/unsloth.git->unsloth[colab-new]@ git+https://github.com/unslothai/unsloth.git) (0.17.0)
Requirement already satisfied: typeguard>=4.0.0 in /gpfs/helios/home/garzonuria/transformers-course/transformers-venv/lib/python3.10/site-packages (from tyro->unsloth@ git+https://github.com/unslothai/unsloth.git->unsloth[colab-new]@ git+https://github.com/unslothai/unsloth.git) (4.4.4)
Downloading torchao-0.15.0-cp310-abi3-manylinux_2_24_x86_64.manylinux_2_28_x86_64.whl (7.2 MB)
   ━━━━━━━━━━━━━━━━━━━━━━━━━━━━━━━━━━━━━━━━ 7.2/7.2 MB 121.8 MB/s  0:00:00
Installing collected packages: torchao
Successfully installed torchao-0.15.0
🦥 Unsloth: Will patch your computer to enable 2x faster free finetuning.
Traceback (most recent call last):
  File "/gpfs/helios/home/garzonuria/transformers-course/transformers-venv/lib/python3.10/site-packages/unsloth_zoo/temporary_patches/utils.py", line 107, in <module>
    from transformers.processing_utils import Unpack
  File "/gpfs/helios/home/garzonuria/transformers-course/transformers-venv/lib/python3.10/site-packages/transformers/processing_utils.py", line 75, in <module>
    from .modeling_utils import PreTrainedAudioTokenizerBase
  File "/gpfs/helios/home/garzonuria/transformers-course/transformers-venv/lib/python3.10/site-packages/transformers/modeling_utils.py", line 73, in <module>
    from .quantizers import HfQuantizer
  File "/gpfs/helios/home/garzonuria/transformers-course/transformers-venv/lib/python3.10/site-packages/transformers/quantizers/__init__.py", line 14, in <module>
    from .auto import AutoHfQuantizer, AutoQuantizationConfig, register_quantization_config, register_quantizer
  File "/gpfs/helios/home/garzonuria/transformers-course/transformers-venv/lib/python3.10/site-packages/transformers/quantizers/auto.py", line 62, in <module>
    from .quantizer_torchao import TorchAoHfQuantizer
  File "/gpfs/helios/home/garzonuria/transformers-course/transformers-venv/lib/python3.10/site-packages/transformers/quantizers/quantizer_torchao.py", line 39, in <module>
    import torchao
  File "/gpfs/helios/home/garzonuria/transformers-course/transformers-venv/lib/python3.10/site-packages/torchao/__init__.py", line 122, in <module>
    from torchao.quantization import (
  File "/gpfs/helios/home/garzonuria/transformers-course/transformers-venv/lib/python3.10/site-packages/torchao/quantization/__init__.py", line 6, in <module>
    from .autoquant import (
  File "/gpfs/helios/home/garzonuria/transformers-course/transformers-venv/lib/python3.10/site-packages/torchao/quantization/autoquant.py", line 11, in <module>
    from torchao.dtypes import (
  File "/gpfs/helios/home/garzonuria/transformers-course/transformers-venv/lib/python3.10/site-packages/torchao/dtypes/__init__.py", line 1, in <module>
    from . import affine_quantized_tensor_ops
  File "/gpfs/helios/home/garzonuria/transformers-course/transformers-venv/lib/python3.10/site-packages/torchao/dtypes/affine_quantized_tensor_ops.py", line 11, in <module>
    from torchao.dtypes.affine_quantized_tensor import (
  File "/gpfs/helios/home/garzonuria/transformers-course/transformers-venv/lib/python3.10/site-packages/torchao/dtypes/affine_quantized_tensor.py", line 17, in <module>
    from torchao.quantization.quant_primitives import (
  File "/gpfs/helios/home/garzonuria/transformers-course/transformers-venv/lib/python3.10/site-packages/torchao/quantization/quant_primitives.py", line 176, in <module>
    torch.int1: (-(2**0), 2**0 - 1),
  File "/gpfs/helios/home/garzonuria/transformers-course/transformers-venv/lib/python3.10/site-packages/torch/__init__.py", line 2562, in __getattr__
    raise AttributeError(f"module '{__name__}' has no attribute '{name}'")
AttributeError: module 'torch' has no attribute 'int1'

During handling of the above exception, another exception occurred:

Traceback (most recent call last):
  File "/gpfs/helios/home/garzonuria/transformers-course/tf_project/src/model_fine_tuning.py", line 20, in <module>
    from unsloth import FastVisionModel
  File "/gpfs/helios/home/garzonuria/transformers-course/transformers-venv/lib/python3.10/site-packages/unsloth/__init__.py", line 95, in <module>
    import unsloth_zoo
  File "/gpfs/helios/home/garzonuria/transformers-course/transformers-venv/lib/python3.10/site-packages/unsloth_zoo/__init__.py", line 194, in <module>
    from .temporary_patches import (
  File "/gpfs/helios/home/garzonuria/transformers-course/transformers-venv/lib/python3.10/site-packages/unsloth_zoo/temporary_patches/__init__.py", line 19, in <module>
    from .gemma import *
  File "/gpfs/helios/home/garzonuria/transformers-course/transformers-venv/lib/python3.10/site-packages/unsloth_zoo/temporary_patches/gemma.py", line 22, in <module>
    from .utils import (
  File "/gpfs/helios/home/garzonuria/transformers-course/transformers-venv/lib/python3.10/site-packages/unsloth_zoo/temporary_patches/utils.py", line 128, in <module>
    raise Exception(e)
Exception: module 'torch' has no attribute 'int1'
