🦥 Unsloth: Will patch your computer to enable 2x faster free finetuning.
🦥 Unsloth Zoo will now patch everything to make training faster!
==((====))==  Unsloth 2025.12.10: Fast Qwen3_Vl patching. Transformers: 4.57.3.
   \\   /|    NVIDIA A100-PCIE-40GB. Num GPUs = 1. Max memory: 39.494 GB. Platform: Linux.
O^O/ \_/ \    Torch: 2.5.1+cu121. CUDA: 8.0. CUDA Toolkit: 12.1. Triton: 3.1.0
\        /    Bfloat16 = TRUE. FA [Xformers = 0.0.28.post2. FA2 = False]
 "-____-"     Free license: http://github.com/unslothai/unsloth
Unsloth: Fast downloading is enabled - ignore downloading bars which are red colored!
The model is already on multiple devices. Skipping the move to device specified in `args`.
==((====))==  Unsloth - 2x faster free finetuning | Num GPUs used = 1
   \\   /|    Num examples = 4,897 | Num Epochs = 1 | Total steps = 307
O^O/ \_/ \    Batch size per device = 4 | Gradient accumulation steps = 4
\        /    Data Parallel GPUs = 1 | Total batch size (4 x 4 x 1) = 16
 "-____-"     Trainable parameters = 33,030,144 of 4,470,845,952 (0.74% trained)
Loading datasets: ['maqa_single_commonsense_reasoning', 'maqa_single_math_reasoning', 'maqa_single_world_knowledge_nq']
Training samples: 4897
Unsloth: Model does not have a default image size - using 512
  0%|          | 0/307 [00:00<?, ?it/s]Unsloth: Will smartly offload gradients to save VRAM!
Traceback (most recent call last):
  File "/gpfs/helios/home/garzonuria/transformers-course/tf_project/src/model_fine_tuning.py", line 401, in <module>
    main()
  File "/gpfs/helios/home/garzonuria/transformers-course/tf_project/src/model_fine_tuning.py", line 395, in main
    result = run_fine_tuning(df_train)
  File "/gpfs/helios/home/garzonuria/transformers-course/tf_project/src/model_fine_tuning.py", line 360, in run_fine_tuning
    train_result = trainer.train()
  File "/gpfs/helios/home/garzonuria/transformers-course/tf_project/hpc/unsloth_compiled_cache/UnslothSFTTrainer.py", line 56, in wrapper
    output = f(self, *args, **kwargs)
  File "/gpfs/helios/home/garzonuria/transformers-course/transformers-venv/lib/python3.10/site-packages/transformers/trainer.py", line 2325, in train
    return inner_training_loop(
  File "<string>", line 328, in _fast_inner_training_loop
  File "/gpfs/helios/home/garzonuria/transformers-course/tf_project/hpc/unsloth_compiled_cache/UnslothSFTTrainer.py", line 1098, in training_step
    return super().training_step(*args, **kwargs)
  File "<string>", line 40, in _unsloth_training_step
  File "/gpfs/helios/home/garzonuria/transformers-course/tf_project/hpc/unsloth_compiled_cache/UnslothSFTTrainer.py", line 1087, in compute_loss
    outputs = super().compute_loss(
  File "/gpfs/helios/home/garzonuria/transformers-course/transformers-venv/lib/python3.10/site-packages/unsloth/models/_utils.py", line 1643, in _unsloth_pre_compute_loss
    outputs = self._old_compute_loss(model, inputs, *args, **kwargs)
  File "<string>", line 36, in compute_loss
  File "/gpfs/helios/home/garzonuria/transformers-course/transformers-venv/lib/python3.10/site-packages/torch/nn/modules/module.py", line 1736, in _wrapped_call_impl
    return self._call_impl(*args, **kwargs)
  File "/gpfs/helios/home/garzonuria/transformers-course/transformers-venv/lib/python3.10/site-packages/torch/nn/modules/module.py", line 1747, in _call_impl
    return forward_call(*args, **kwargs)
  File "/gpfs/helios/home/garzonuria/transformers-course/transformers-venv/lib/python3.10/site-packages/accelerate/utils/operations.py", line 819, in forward
    return model_forward(*args, **kwargs)
  File "/gpfs/helios/home/garzonuria/transformers-course/transformers-venv/lib/python3.10/site-packages/accelerate/utils/operations.py", line 807, in __call__
    return convert_to_fp32(self.model_forward(*args, **kwargs))
  File "/gpfs/helios/home/garzonuria/transformers-course/transformers-venv/lib/python3.10/site-packages/torch/amp/autocast_mode.py", line 44, in decorate_autocast
    return func(*args, **kwargs)
  File "/gpfs/helios/home/garzonuria/transformers-course/transformers-venv/lib/python3.10/site-packages/peft/peft_model.py", line 1923, in forward
    return self.base_model(
  File "/gpfs/helios/home/garzonuria/transformers-course/transformers-venv/lib/python3.10/site-packages/torch/nn/modules/module.py", line 1736, in _wrapped_call_impl
    return self._call_impl(*args, **kwargs)
  File "/gpfs/helios/home/garzonuria/transformers-course/transformers-venv/lib/python3.10/site-packages/torch/nn/modules/module.py", line 1844, in _call_impl
    return inner()
  File "/gpfs/helios/home/garzonuria/transformers-course/transformers-venv/lib/python3.10/site-packages/torch/nn/modules/module.py", line 1790, in inner
    result = forward_call(*args, **kwargs)
  File "/gpfs/helios/home/garzonuria/transformers-course/transformers-venv/lib/python3.10/site-packages/peft/tuners/tuners_utils.py", line 308, in forward
    return self.model.forward(*args, **kwargs)
  File "/gpfs/helios/home/garzonuria/transformers-course/tf_project/hpc/unsloth_compiled_cache/unsloth_compiled_module_qwen3_vl.py", line 1215, in forward
    return Qwen3VLForConditionalGeneration_forward(self, input_ids, attention_mask, position_ids, past_key_values, inputs_embeds, labels, pixel_values, pixel_values_videos, image_grid_thw, video_grid_thw, cache_position, logits_to_keep, **kwargs)
  File "/gpfs/helios/home/garzonuria/transformers-course/tf_project/hpc/unsloth_compiled_cache/unsloth_compiled_module_qwen3_vl.py", line 1019, in Qwen3VLForConditionalGeneration_forward
    outputs = self.model(
  File "/gpfs/helios/home/garzonuria/transformers-course/transformers-venv/lib/python3.10/site-packages/torch/nn/modules/module.py", line 1736, in _wrapped_call_impl
    return self._call_impl(*args, **kwargs)
  File "/gpfs/helios/home/garzonuria/transformers-course/transformers-venv/lib/python3.10/site-packages/torch/nn/modules/module.py", line 1747, in _call_impl
    return forward_call(*args, **kwargs)
  File "/gpfs/helios/home/garzonuria/transformers-course/tf_project/hpc/unsloth_compiled_cache/unsloth_compiled_module_qwen3_vl.py", line 985, in forward
    return Qwen3VLModel_forward(self, input_ids, attention_mask, position_ids, past_key_values, inputs_embeds, pixel_values, pixel_values_videos, image_grid_thw, video_grid_thw, cache_position, **kwargs)
  File "/gpfs/helios/home/garzonuria/transformers-course/tf_project/hpc/unsloth_compiled_cache/unsloth_compiled_module_qwen3_vl.py", line 733, in Qwen3VLModel_forward
    outputs = self.language_model(
  File "/gpfs/helios/home/garzonuria/transformers-course/transformers-venv/lib/python3.10/site-packages/torch/nn/modules/module.py", line 1736, in _wrapped_call_impl
    return self._call_impl(*args, **kwargs)
  File "/gpfs/helios/home/garzonuria/transformers-course/transformers-venv/lib/python3.10/site-packages/torch/nn/modules/module.py", line 1747, in _call_impl
    return forward_call(*args, **kwargs)
  File "/gpfs/helios/home/garzonuria/transformers-course/transformers-venv/lib/python3.10/site-packages/transformers/utils/generic.py", line 1072, in wrapper
    outputs = func(self, *args, **kwargs)
  File "/gpfs/helios/home/garzonuria/transformers-course/transformers-venv/lib/python3.10/site-packages/transformers/models/qwen3_vl/modeling_qwen3_vl.py", line 850, in forward
    layer_outputs = decoder_layer(
  File "/gpfs/helios/home/garzonuria/transformers-course/transformers-venv/lib/python3.10/site-packages/transformers/modeling_layers.py", line 93, in __call__
    return self._gradient_checkpointing_func(partial(super().__call__, **kwargs), *args)
  File "/gpfs/helios/home/garzonuria/transformers-course/transformers-venv/lib/python3.10/site-packages/torch/_compile.py", line 32, in inner
    return disable_fn(*args, **kwargs)
  File "/gpfs/helios/home/garzonuria/transformers-course/transformers-venv/lib/python3.10/site-packages/torch/_dynamo/eval_frame.py", line 632, in _fn
    return fn(*args, **kwargs)
  File "/gpfs/helios/home/garzonuria/transformers-course/transformers-venv/lib/python3.10/site-packages/torch/utils/checkpoint.py", line 489, in checkpoint
    return CheckpointFunction.apply(function, preserve, *args)
  File "/gpfs/helios/home/garzonuria/transformers-course/transformers-venv/lib/python3.10/site-packages/torch/autograd/function.py", line 575, in apply
    return super().apply(*args, **kwargs)  # type: ignore[misc]
  File "/gpfs/helios/home/garzonuria/transformers-course/transformers-venv/lib/python3.10/site-packages/unsloth_zoo/gradient_checkpointing.py", line 493, in forward
    outputs = run_function(*args)
  File "/gpfs/helios/home/garzonuria/transformers-course/transformers-venv/lib/python3.10/site-packages/torch/nn/modules/module.py", line 1736, in _wrapped_call_impl
    return self._call_impl(*args, **kwargs)
  File "/gpfs/helios/home/garzonuria/transformers-course/transformers-venv/lib/python3.10/site-packages/torch/nn/modules/module.py", line 1747, in _call_impl
    return forward_call(*args, **kwargs)
  File "/gpfs/helios/home/garzonuria/transformers-course/transformers-venv/lib/python3.10/site-packages/transformers/utils/deprecation.py", line 172, in wrapped_func
    return func(*args, **kwargs)
  File "/gpfs/helios/home/garzonuria/transformers-course/transformers-venv/lib/python3.10/site-packages/transformers/models/qwen3_vl/modeling_qwen3_vl.py", line 517, in forward
    hidden_states = self.mlp(hidden_states)
  File "/gpfs/helios/home/garzonuria/transformers-course/transformers-venv/lib/python3.10/site-packages/torch/nn/modules/module.py", line 1736, in _wrapped_call_impl
    return self._call_impl(*args, **kwargs)
  File "/gpfs/helios/home/garzonuria/transformers-course/transformers-venv/lib/python3.10/site-packages/torch/nn/modules/module.py", line 1747, in _call_impl
    return forward_call(*args, **kwargs)
  File "/gpfs/helios/home/garzonuria/transformers-course/tf_project/hpc/unsloth_compiled_cache/unsloth_compiled_module_qwen3_vl.py", line 610, in forward
    return Qwen3VLTextMLP_forward(self, x)
  File "/gpfs/helios/home/garzonuria/transformers-course/transformers-venv/lib/python3.10/site-packages/torch/_dynamo/eval_frame.py", line 465, in _fn
    return fn(*args, **kwargs)
  File "/gpfs/helios/home/garzonuria/transformers-course/tf_project/hpc/unsloth_compiled_cache/unsloth_compiled_module_qwen3_vl.py", line 595, in Qwen3VLTextMLP_forward
    down_proj = self.down_proj(self.act_fn(self.gate_proj(x)) * self.up_proj(x))
  File "/gpfs/helios/home/garzonuria/transformers-course/transformers-venv/lib/python3.10/site-packages/torch/nn/modules/module.py", line 1736, in _wrapped_call_impl
    return self._call_impl(*args, **kwargs)
  File "/gpfs/helios/home/garzonuria/transformers-course/transformers-venv/lib/python3.10/site-packages/torch/nn/modules/module.py", line 1747, in _call_impl
    return forward_call(*args, **kwargs)
  File "/gpfs/helios/home/garzonuria/transformers-course/tf_project/hpc/unsloth_compiled_cache/Linear_peft_forward.py", line 66, in unsloth_forward
    variant_kwargs = {k: kwargs.pop(k, None) for k in VARIANT_KWARG_KEYS}  # don't pass these to base_layer
NameError: name 'VARIANT_KWARG_KEYS' is not defined
  0%|          | 0/307 [00:17<?, ?it/s]
