Collecting unsloth@ git+https://github.com/unslothai/unsloth.git (from unsloth[colab-new]@ git+https://github.com/unslothai/unsloth.git)
  Cloning https://github.com/unslothai/unsloth.git to /tmp/pip-install-2zx6jrq0/unsloth_bf3e400e03b94e6bb67770565b6538fa
  Running command git clone --filter=blob:none --quiet https://github.com/unslothai/unsloth.git /tmp/pip-install-2zx6jrq0/unsloth_bf3e400e03b94e6bb67770565b6538fa
  Resolved https://github.com/unslothai/unsloth.git to commit 842e8d89b180289ec861474bcdc9b74cc6dca2d8
  Installing build dependencies: started
  Installing build dependencies: finished with status 'done'
  Getting requirements to build wheel: started
  Getting requirements to build wheel: finished with status 'done'
  Preparing metadata (pyproject.toml): started
  Preparing metadata (pyproject.toml): finished with status 'done'
Requirement already satisfied: unsloth_zoo>=2025.12.8 in /gpfs/helios/home/garzonuria/transformers-course/transformers-venv/lib/python3.10/site-packages (from unsloth@ git+https://github.com/unslothai/unsloth.git->unsloth[colab-new]@ git+https://github.com/unslothai/unsloth.git) (2025.12.8)
Requirement already satisfied: packaging in /gpfs/helios/home/garzonuria/transformers-course/transformers-venv/lib/python3.10/site-packages (from unsloth@ git+https://github.com/unslothai/unsloth.git->unsloth[colab-new]@ git+https://github.com/unslothai/unsloth.git) (25.0)
Requirement already satisfied: tyro in /gpfs/helios/home/garzonuria/transformers-course/transformers-venv/lib/python3.10/site-packages (from unsloth@ git+https://github.com/unslothai/unsloth.git->unsloth[colab-new]@ git+https://github.com/unslothai/unsloth.git) (1.0.3)
Requirement already satisfied: transformers!=4.52.0,!=4.52.1,!=4.52.2,!=4.52.3,!=4.53.0,!=4.54.0,!=4.55.0,!=4.55.1,!=4.57.0,<=4.57.3,>=4.51.3 in /gpfs/helios/home/garzonuria/transformers-course/transformers-venv/lib/python3.10/site-packages (from unsloth@ git+https://github.com/unslothai/unsloth.git->unsloth[colab-new]@ git+https://github.com/unslothai/unsloth.git) (4.57.3)
Requirement already satisfied: datasets!=4.0.*,!=4.1.0,<4.4.0,>=3.4.1 in /gpfs/helios/home/garzonuria/transformers-course/transformers-venv/lib/python3.10/site-packages (from unsloth@ git+https://github.com/unslothai/unsloth.git->unsloth[colab-new]@ git+https://github.com/unslothai/unsloth.git) (4.3.0)
Requirement already satisfied: sentencepiece>=0.2.0 in /gpfs/helios/home/garzonuria/transformers-course/transformers-venv/lib/python3.10/site-packages (from unsloth@ git+https://github.com/unslothai/unsloth.git->unsloth[colab-new]@ git+https://github.com/unslothai/unsloth.git) (0.2.1)
Requirement already satisfied: tqdm in /gpfs/helios/home/garzonuria/transformers-course/transformers-venv/lib/python3.10/site-packages (from unsloth@ git+https://github.com/unslothai/unsloth.git->unsloth[colab-new]@ git+https://github.com/unslothai/unsloth.git) (4.67.1)
Requirement already satisfied: psutil in /gpfs/helios/home/garzonuria/transformers-course/transformers-venv/lib/python3.10/site-packages (from unsloth@ git+https://github.com/unslothai/unsloth.git->unsloth[colab-new]@ git+https://github.com/unslothai/unsloth.git) (7.2.1)
Requirement already satisfied: wheel>=0.42.0 in /gpfs/helios/home/garzonuria/transformers-course/transformers-venv/lib/python3.10/site-packages (from unsloth@ git+https://github.com/unslothai/unsloth.git->unsloth[colab-new]@ git+https://github.com/unslothai/unsloth.git) (0.45.1)
Requirement already satisfied: numpy in /gpfs/helios/home/garzonuria/transformers-course/transformers-venv/lib/python3.10/site-packages (from unsloth@ git+https://github.com/unslothai/unsloth.git->unsloth[colab-new]@ git+https://github.com/unslothai/unsloth.git) (2.2.6)
Requirement already satisfied: protobuf in /gpfs/helios/home/garzonuria/transformers-course/transformers-venv/lib/python3.10/site-packages (from unsloth@ git+https://github.com/unslothai/unsloth.git->unsloth[colab-new]@ git+https://github.com/unslothai/unsloth.git) (6.33.2)
Requirement already satisfied: huggingface_hub>=0.34.0 in /gpfs/helios/home/garzonuria/transformers-course/transformers-venv/lib/python3.10/site-packages (from unsloth@ git+https://github.com/unslothai/unsloth.git->unsloth[colab-new]@ git+https://github.com/unslothai/unsloth.git) (0.36.0)
Requirement already satisfied: hf_transfer in /gpfs/helios/home/garzonuria/transformers-course/transformers-venv/lib/python3.10/site-packages (from unsloth@ git+https://github.com/unslothai/unsloth.git->unsloth[colab-new]@ git+https://github.com/unslothai/unsloth.git) (0.1.9)
Requirement already satisfied: bitsandbytes!=0.46.0,!=0.48.0,>=0.45.5 in /gpfs/helios/home/garzonuria/transformers-course/transformers-venv/lib/python3.10/site-packages (from unsloth@ git+https://github.com/unslothai/unsloth.git->unsloth[colab-new]@ git+https://github.com/unslothai/unsloth.git) (0.49.0)
Requirement already satisfied: filelock in /gpfs/helios/home/garzonuria/transformers-course/transformers-venv/lib/python3.10/site-packages (from datasets!=4.0.*,!=4.1.0,<4.4.0,>=3.4.1->unsloth@ git+https://github.com/unslothai/unsloth.git->unsloth[colab-new]@ git+https://github.com/unslothai/unsloth.git) (3.20.0)
Requirement already satisfied: pyarrow>=21.0.0 in /gpfs/helios/home/garzonuria/transformers-course/transformers-venv/lib/python3.10/site-packages (from datasets!=4.0.*,!=4.1.0,<4.4.0,>=3.4.1->unsloth@ git+https://github.com/unslothai/unsloth.git->unsloth[colab-new]@ git+https://github.com/unslothai/unsloth.git) (22.0.0)
Requirement already satisfied: dill<0.4.1,>=0.3.0 in /gpfs/helios/home/garzonuria/transformers-course/transformers-venv/lib/python3.10/site-packages (from datasets!=4.0.*,!=4.1.0,<4.4.0,>=3.4.1->unsloth@ git+https://github.com/unslothai/unsloth.git->unsloth[colab-new]@ git+https://github.com/unslothai/unsloth.git) (0.4.0)
Requirement already satisfied: pandas in /gpfs/helios/home/garzonuria/transformers-course/transformers-venv/lib/python3.10/site-packages (from datasets!=4.0.*,!=4.1.0,<4.4.0,>=3.4.1->unsloth@ git+https://github.com/unslothai/unsloth.git->unsloth[colab-new]@ git+https://github.com/unslothai/unsloth.git) (2.3.3)
Requirement already satisfied: requests>=2.32.2 in /gpfs/helios/home/garzonuria/transformers-course/transformers-venv/lib/python3.10/site-packages (from datasets!=4.0.*,!=4.1.0,<4.4.0,>=3.4.1->unsloth@ git+https://github.com/unslothai/unsloth.git->unsloth[colab-new]@ git+https://github.com/unslothai/unsloth.git) (2.32.5)
Requirement already satisfied: httpx<1.0.0 in /gpfs/helios/home/garzonuria/transformers-course/transformers-venv/lib/python3.10/site-packages (from datasets!=4.0.*,!=4.1.0,<4.4.0,>=3.4.1->unsloth@ git+https://github.com/unslothai/unsloth.git->unsloth[colab-new]@ git+https://github.com/unslothai/unsloth.git) (0.28.1)
Requirement already satisfied: xxhash in /gpfs/helios/home/garzonuria/transformers-course/transformers-venv/lib/python3.10/site-packages (from datasets!=4.0.*,!=4.1.0,<4.4.0,>=3.4.1->unsloth@ git+https://github.com/unslothai/unsloth.git->unsloth[colab-new]@ git+https://github.com/unslothai/unsloth.git) (3.6.0)
Requirement already satisfied: multiprocess<0.70.17 in /gpfs/helios/home/garzonuria/transformers-course/transformers-venv/lib/python3.10/site-packages (from datasets!=4.0.*,!=4.1.0,<4.4.0,>=3.4.1->unsloth@ git+https://github.com/unslothai/unsloth.git->unsloth[colab-new]@ git+https://github.com/unslothai/unsloth.git) (0.70.16)
Requirement already satisfied: fsspec<=2025.9.0,>=2023.1.0 in /gpfs/helios/home/garzonuria/transformers-course/transformers-venv/lib/python3.10/site-packages (from fsspec[http]<=2025.9.0,>=2023.1.0->datasets!=4.0.*,!=4.1.0,<4.4.0,>=3.4.1->unsloth@ git+https://github.com/unslothai/unsloth.git->unsloth[colab-new]@ git+https://github.com/unslothai/unsloth.git) (2025.9.0)
Requirement already satisfied: pyyaml>=5.1 in /gpfs/helios/home/garzonuria/transformers-course/transformers-venv/lib/python3.10/site-packages (from datasets!=4.0.*,!=4.1.0,<4.4.0,>=3.4.1->unsloth@ git+https://github.com/unslothai/unsloth.git->unsloth[colab-new]@ git+https://github.com/unslothai/unsloth.git) (6.0.3)
Requirement already satisfied: aiohttp!=4.0.0a0,!=4.0.0a1 in /gpfs/helios/home/garzonuria/transformers-course/transformers-venv/lib/python3.10/site-packages (from fsspec[http]<=2025.9.0,>=2023.1.0->datasets!=4.0.*,!=4.1.0,<4.4.0,>=3.4.1->unsloth@ git+https://github.com/unslothai/unsloth.git->unsloth[colab-new]@ git+https://github.com/unslothai/unsloth.git) (3.13.2)
Requirement already satisfied: anyio in /gpfs/helios/home/garzonuria/transformers-course/transformers-venv/lib/python3.10/site-packages (from httpx<1.0.0->datasets!=4.0.*,!=4.1.0,<4.4.0,>=3.4.1->unsloth@ git+https://github.com/unslothai/unsloth.git->unsloth[colab-new]@ git+https://github.com/unslothai/unsloth.git) (4.12.0)
Requirement already satisfied: certifi in /gpfs/helios/home/garzonuria/transformers-course/transformers-venv/lib/python3.10/site-packages (from httpx<1.0.0->datasets!=4.0.*,!=4.1.0,<4.4.0,>=3.4.1->unsloth@ git+https://github.com/unslothai/unsloth.git->unsloth[colab-new]@ git+https://github.com/unslothai/unsloth.git) (2025.11.12)
Requirement already satisfied: httpcore==1.* in /gpfs/helios/home/garzonuria/transformers-course/transformers-venv/lib/python3.10/site-packages (from httpx<1.0.0->datasets!=4.0.*,!=4.1.0,<4.4.0,>=3.4.1->unsloth@ git+https://github.com/unslothai/unsloth.git->unsloth[colab-new]@ git+https://github.com/unslothai/unsloth.git) (1.0.9)
Requirement already satisfied: idna in /gpfs/helios/home/garzonuria/transformers-course/transformers-venv/lib/python3.10/site-packages (from httpx<1.0.0->datasets!=4.0.*,!=4.1.0,<4.4.0,>=3.4.1->unsloth@ git+https://github.com/unslothai/unsloth.git->unsloth[colab-new]@ git+https://github.com/unslothai/unsloth.git) (3.11)
Requirement already satisfied: h11>=0.16 in /gpfs/helios/home/garzonuria/transformers-course/transformers-venv/lib/python3.10/site-packages (from httpcore==1.*->httpx<1.0.0->datasets!=4.0.*,!=4.1.0,<4.4.0,>=3.4.1->unsloth@ git+https://github.com/unslothai/unsloth.git->unsloth[colab-new]@ git+https://github.com/unslothai/unsloth.git) (0.16.0)
Requirement already satisfied: typing-extensions>=3.7.4.3 in /gpfs/helios/home/garzonuria/transformers-course/transformers-venv/lib/python3.10/site-packages (from huggingface_hub>=0.34.0->unsloth@ git+https://github.com/unslothai/unsloth.git->unsloth[colab-new]@ git+https://github.com/unslothai/unsloth.git) (4.15.0)
Requirement already satisfied: hf-xet<2.0.0,>=1.1.3 in /gpfs/helios/home/garzonuria/transformers-course/transformers-venv/lib/python3.10/site-packages (from huggingface_hub>=0.34.0->unsloth@ git+https://github.com/unslothai/unsloth.git->unsloth[colab-new]@ git+https://github.com/unslothai/unsloth.git) (1.2.0)
Requirement already satisfied: regex!=2019.12.17 in /gpfs/helios/home/garzonuria/transformers-course/transformers-venv/lib/python3.10/site-packages (from transformers!=4.52.0,!=4.52.1,!=4.52.2,!=4.52.3,!=4.53.0,!=4.54.0,!=4.55.0,!=4.55.1,!=4.57.0,<=4.57.3,>=4.51.3->unsloth@ git+https://github.com/unslothai/unsloth.git->unsloth[colab-new]@ git+https://github.com/unslothai/unsloth.git) (2025.11.3)
Requirement already satisfied: tokenizers<=0.23.0,>=0.22.0 in /gpfs/helios/home/garzonuria/transformers-course/transformers-venv/lib/python3.10/site-packages (from transformers!=4.52.0,!=4.52.1,!=4.52.2,!=4.52.3,!=4.53.0,!=4.54.0,!=4.55.0,!=4.55.1,!=4.57.0,<=4.57.3,>=4.51.3->unsloth@ git+https://github.com/unslothai/unsloth.git->unsloth[colab-new]@ git+https://github.com/unslothai/unsloth.git) (0.22.1)
Requirement already satisfied: safetensors>=0.4.3 in /gpfs/helios/home/garzonuria/transformers-course/transformers-venv/lib/python3.10/site-packages (from transformers!=4.52.0,!=4.52.1,!=4.52.2,!=4.52.3,!=4.53.0,!=4.54.0,!=4.55.0,!=4.55.1,!=4.57.0,<=4.57.3,>=4.51.3->unsloth@ git+https://github.com/unslothai/unsloth.git->unsloth[colab-new]@ git+https://github.com/unslothai/unsloth.git) (0.7.0)
Requirement already satisfied: aiohappyeyeballs>=2.5.0 in /gpfs/helios/home/garzonuria/transformers-course/transformers-venv/lib/python3.10/site-packages (from aiohttp!=4.0.0a0,!=4.0.0a1->fsspec[http]<=2025.9.0,>=2023.1.0->datasets!=4.0.*,!=4.1.0,<4.4.0,>=3.4.1->unsloth@ git+https://github.com/unslothai/unsloth.git->unsloth[colab-new]@ git+https://github.com/unslothai/unsloth.git) (2.6.1)
Requirement already satisfied: aiosignal>=1.4.0 in /gpfs/helios/home/garzonuria/transformers-course/transformers-venv/lib/python3.10/site-packages (from aiohttp!=4.0.0a0,!=4.0.0a1->fsspec[http]<=2025.9.0,>=2023.1.0->datasets!=4.0.*,!=4.1.0,<4.4.0,>=3.4.1->unsloth@ git+https://github.com/unslothai/unsloth.git->unsloth[colab-new]@ git+https://github.com/unslothai/unsloth.git) (1.4.0)
Requirement already satisfied: async-timeout<6.0,>=4.0 in /gpfs/helios/home/garzonuria/transformers-course/transformers-venv/lib/python3.10/site-packages (from aiohttp!=4.0.0a0,!=4.0.0a1->fsspec[http]<=2025.9.0,>=2023.1.0->datasets!=4.0.*,!=4.1.0,<4.4.0,>=3.4.1->unsloth@ git+https://github.com/unslothai/unsloth.git->unsloth[colab-new]@ git+https://github.com/unslothai/unsloth.git) (5.0.1)
Requirement already satisfied: attrs>=17.3.0 in /gpfs/helios/home/garzonuria/transformers-course/transformers-venv/lib/python3.10/site-packages (from aiohttp!=4.0.0a0,!=4.0.0a1->fsspec[http]<=2025.9.0,>=2023.1.0->datasets!=4.0.*,!=4.1.0,<4.4.0,>=3.4.1->unsloth@ git+https://github.com/unslothai/unsloth.git->unsloth[colab-new]@ git+https://github.com/unslothai/unsloth.git) (25.4.0)
Requirement already satisfied: frozenlist>=1.1.1 in /gpfs/helios/home/garzonuria/transformers-course/transformers-venv/lib/python3.10/site-packages (from aiohttp!=4.0.0a0,!=4.0.0a1->fsspec[http]<=2025.9.0,>=2023.1.0->datasets!=4.0.*,!=4.1.0,<4.4.0,>=3.4.1->unsloth@ git+https://github.com/unslothai/unsloth.git->unsloth[colab-new]@ git+https://github.com/unslothai/unsloth.git) (1.8.0)
Requirement already satisfied: multidict<7.0,>=4.5 in /gpfs/helios/home/garzonuria/transformers-course/transformers-venv/lib/python3.10/site-packages (from aiohttp!=4.0.0a0,!=4.0.0a1->fsspec[http]<=2025.9.0,>=2023.1.0->datasets!=4.0.*,!=4.1.0,<4.4.0,>=3.4.1->unsloth@ git+https://github.com/unslothai/unsloth.git->unsloth[colab-new]@ git+https://github.com/unslothai/unsloth.git) (6.7.0)
Requirement already satisfied: propcache>=0.2.0 in /gpfs/helios/home/garzonuria/transformers-course/transformers-venv/lib/python3.10/site-packages (from aiohttp!=4.0.0a0,!=4.0.0a1->fsspec[http]<=2025.9.0,>=2023.1.0->datasets!=4.0.*,!=4.1.0,<4.4.0,>=3.4.1->unsloth@ git+https://github.com/unslothai/unsloth.git->unsloth[colab-new]@ git+https://github.com/unslothai/unsloth.git) (0.4.1)
Requirement already satisfied: yarl<2.0,>=1.17.0 in /gpfs/helios/home/garzonuria/transformers-course/transformers-venv/lib/python3.10/site-packages (from aiohttp!=4.0.0a0,!=4.0.0a1->fsspec[http]<=2025.9.0,>=2023.1.0->datasets!=4.0.*,!=4.1.0,<4.4.0,>=3.4.1->unsloth@ git+https://github.com/unslothai/unsloth.git->unsloth[colab-new]@ git+https://github.com/unslothai/unsloth.git) (1.22.0)
Requirement already satisfied: torch<3,>=2.3 in /gpfs/helios/home/garzonuria/transformers-course/transformers-venv/lib/python3.10/site-packages (from bitsandbytes!=0.46.0,!=0.48.0,>=0.45.5->unsloth@ git+https://github.com/unslothai/unsloth.git->unsloth[colab-new]@ git+https://github.com/unslothai/unsloth.git) (2.5.1+cu121)
Requirement already satisfied: networkx in /gpfs/helios/home/garzonuria/transformers-course/transformers-venv/lib/python3.10/site-packages (from torch<3,>=2.3->bitsandbytes!=0.46.0,!=0.48.0,>=0.45.5->unsloth@ git+https://github.com/unslothai/unsloth.git->unsloth[colab-new]@ git+https://github.com/unslothai/unsloth.git) (3.4.2)
Requirement already satisfied: jinja2 in /gpfs/helios/home/garzonuria/transformers-course/transformers-venv/lib/python3.10/site-packages (from torch<3,>=2.3->bitsandbytes!=0.46.0,!=0.48.0,>=0.45.5->unsloth@ git+https://github.com/unslothai/unsloth.git->unsloth[colab-new]@ git+https://github.com/unslothai/unsloth.git) (3.1.6)
Requirement already satisfied: nvidia-cuda-nvrtc-cu12==12.1.105 in /gpfs/helios/home/garzonuria/transformers-course/transformers-venv/lib/python3.10/site-packages (from torch<3,>=2.3->bitsandbytes!=0.46.0,!=0.48.0,>=0.45.5->unsloth@ git+https://github.com/unslothai/unsloth.git->unsloth[colab-new]@ git+https://github.com/unslothai/unsloth.git) (12.1.105)
Requirement already satisfied: nvidia-cuda-runtime-cu12==12.1.105 in /gpfs/helios/home/garzonuria/transformers-course/transformers-venv/lib/python3.10/site-packages (from torch<3,>=2.3->bitsandbytes!=0.46.0,!=0.48.0,>=0.45.5->unsloth@ git+https://github.com/unslothai/unsloth.git->unsloth[colab-new]@ git+https://github.com/unslothai/unsloth.git) (12.1.105)
Requirement already satisfied: nvidia-cuda-cupti-cu12==12.1.105 in /gpfs/helios/home/garzonuria/transformers-course/transformers-venv/lib/python3.10/site-packages (from torch<3,>=2.3->bitsandbytes!=0.46.0,!=0.48.0,>=0.45.5->unsloth@ git+https://github.com/unslothai/unsloth.git->unsloth[colab-new]@ git+https://github.com/unslothai/unsloth.git) (12.1.105)
Requirement already satisfied: nvidia-cudnn-cu12==9.1.0.70 in /gpfs/helios/home/garzonuria/transformers-course/transformers-venv/lib/python3.10/site-packages (from torch<3,>=2.3->bitsandbytes!=0.46.0,!=0.48.0,>=0.45.5->unsloth@ git+https://github.com/unslothai/unsloth.git->unsloth[colab-new]@ git+https://github.com/unslothai/unsloth.git) (9.1.0.70)
Requirement already satisfied: nvidia-cublas-cu12==12.1.3.1 in /gpfs/helios/home/garzonuria/transformers-course/transformers-venv/lib/python3.10/site-packages (from torch<3,>=2.3->bitsandbytes!=0.46.0,!=0.48.0,>=0.45.5->unsloth@ git+https://github.com/unslothai/unsloth.git->unsloth[colab-new]@ git+https://github.com/unslothai/unsloth.git) (12.1.3.1)
Requirement already satisfied: nvidia-cufft-cu12==11.0.2.54 in /gpfs/helios/home/garzonuria/transformers-course/transformers-venv/lib/python3.10/site-packages (from torch<3,>=2.3->bitsandbytes!=0.46.0,!=0.48.0,>=0.45.5->unsloth@ git+https://github.com/unslothai/unsloth.git->unsloth[colab-new]@ git+https://github.com/unslothai/unsloth.git) (11.0.2.54)
Requirement already satisfied: nvidia-curand-cu12==10.3.2.106 in /gpfs/helios/home/garzonuria/transformers-course/transformers-venv/lib/python3.10/site-packages (from torch<3,>=2.3->bitsandbytes!=0.46.0,!=0.48.0,>=0.45.5->unsloth@ git+https://github.com/unslothai/unsloth.git->unsloth[colab-new]@ git+https://github.com/unslothai/unsloth.git) (10.3.2.106)
Requirement already satisfied: nvidia-cusolver-cu12==11.4.5.107 in /gpfs/helios/home/garzonuria/transformers-course/transformers-venv/lib/python3.10/site-packages (from torch<3,>=2.3->bitsandbytes!=0.46.0,!=0.48.0,>=0.45.5->unsloth@ git+https://github.com/unslothai/unsloth.git->unsloth[colab-new]@ git+https://github.com/unslothai/unsloth.git) (11.4.5.107)
Requirement already satisfied: nvidia-cusparse-cu12==12.1.0.106 in /gpfs/helios/home/garzonuria/transformers-course/transformers-venv/lib/python3.10/site-packages (from torch<3,>=2.3->bitsandbytes!=0.46.0,!=0.48.0,>=0.45.5->unsloth@ git+https://github.com/unslothai/unsloth.git->unsloth[colab-new]@ git+https://github.com/unslothai/unsloth.git) (12.1.0.106)
Requirement already satisfied: nvidia-nccl-cu12==2.21.5 in /gpfs/helios/home/garzonuria/transformers-course/transformers-venv/lib/python3.10/site-packages (from torch<3,>=2.3->bitsandbytes!=0.46.0,!=0.48.0,>=0.45.5->unsloth@ git+https://github.com/unslothai/unsloth.git->unsloth[colab-new]@ git+https://github.com/unslothai/unsloth.git) (2.21.5)
Requirement already satisfied: nvidia-nvtx-cu12==12.1.105 in /gpfs/helios/home/garzonuria/transformers-course/transformers-venv/lib/python3.10/site-packages (from torch<3,>=2.3->bitsandbytes!=0.46.0,!=0.48.0,>=0.45.5->unsloth@ git+https://github.com/unslothai/unsloth.git->unsloth[colab-new]@ git+https://github.com/unslothai/unsloth.git) (12.1.105)
Requirement already satisfied: triton==3.1.0 in /gpfs/helios/home/garzonuria/transformers-course/transformers-venv/lib/python3.10/site-packages (from torch<3,>=2.3->bitsandbytes!=0.46.0,!=0.48.0,>=0.45.5->unsloth@ git+https://github.com/unslothai/unsloth.git->unsloth[colab-new]@ git+https://github.com/unslothai/unsloth.git) (3.1.0)
Requirement already satisfied: sympy==1.13.1 in /gpfs/helios/home/garzonuria/transformers-course/transformers-venv/lib/python3.10/site-packages (from torch<3,>=2.3->bitsandbytes!=0.46.0,!=0.48.0,>=0.45.5->unsloth@ git+https://github.com/unslothai/unsloth.git->unsloth[colab-new]@ git+https://github.com/unslothai/unsloth.git) (1.13.1)
Requirement already satisfied: nvidia-nvjitlink-cu12 in /gpfs/helios/home/garzonuria/transformers-course/transformers-venv/lib/python3.10/site-packages (from nvidia-cusolver-cu12==11.4.5.107->torch<3,>=2.3->bitsandbytes!=0.46.0,!=0.48.0,>=0.45.5->unsloth@ git+https://github.com/unslothai/unsloth.git->unsloth[colab-new]@ git+https://github.com/unslothai/unsloth.git) (12.4.127)
Requirement already satisfied: mpmath<1.4,>=1.1.0 in /gpfs/helios/home/garzonuria/transformers-course/transformers-venv/lib/python3.10/site-packages (from sympy==1.13.1->torch<3,>=2.3->bitsandbytes!=0.46.0,!=0.48.0,>=0.45.5->unsloth@ git+https://github.com/unslothai/unsloth.git->unsloth[colab-new]@ git+https://github.com/unslothai/unsloth.git) (1.3.0)
Requirement already satisfied: charset_normalizer<4,>=2 in /gpfs/helios/home/garzonuria/transformers-course/transformers-venv/lib/python3.10/site-packages (from requests>=2.32.2->datasets!=4.0.*,!=4.1.0,<4.4.0,>=3.4.1->unsloth@ git+https://github.com/unslothai/unsloth.git->unsloth[colab-new]@ git+https://github.com/unslothai/unsloth.git) (3.4.4)
Requirement already satisfied: urllib3<3,>=1.21.1 in /gpfs/helios/home/garzonuria/transformers-course/transformers-venv/lib/python3.10/site-packages (from requests>=2.32.2->datasets!=4.0.*,!=4.1.0,<4.4.0,>=3.4.1->unsloth@ git+https://github.com/unslothai/unsloth.git->unsloth[colab-new]@ git+https://github.com/unslothai/unsloth.git) (2.6.2)
Requirement already satisfied: torchao>=0.13.0 in /gpfs/helios/home/garzonuria/transformers-course/transformers-venv/lib/python3.10/site-packages (from unsloth_zoo>=2025.12.8->unsloth@ git+https://github.com/unslothai/unsloth.git->unsloth[colab-new]@ git+https://github.com/unslothai/unsloth.git) (0.15.0)
Requirement already satisfied: accelerate>=0.34.1 in /gpfs/helios/home/garzonuria/transformers-course/transformers-venv/lib/python3.10/site-packages (from unsloth_zoo>=2025.12.8->unsloth@ git+https://github.com/unslothai/unsloth.git->unsloth[colab-new]@ git+https://github.com/unslothai/unsloth.git) (1.12.0)
Requirement already satisfied: trl!=0.19.0,<=0.24.0,>=0.18.2 in /gpfs/helios/home/garzonuria/transformers-course/transformers-venv/lib/python3.10/site-packages (from unsloth_zoo>=2025.12.8->unsloth@ git+https://github.com/unslothai/unsloth.git->unsloth[colab-new]@ git+https://github.com/unslothai/unsloth.git) (0.24.0)
Requirement already satisfied: peft!=0.11.0,>=0.7.1 in /gpfs/helios/home/garzonuria/transformers-course/transformers-venv/lib/python3.10/site-packages (from unsloth_zoo>=2025.12.8->unsloth@ git+https://github.com/unslothai/unsloth.git->unsloth[colab-new]@ git+https://github.com/unslothai/unsloth.git) (0.18.0)
Requirement already satisfied: cut_cross_entropy in /gpfs/helios/home/garzonuria/transformers-course/transformers-venv/lib/python3.10/site-packages (from unsloth_zoo>=2025.12.8->unsloth@ git+https://github.com/unslothai/unsloth.git->unsloth[colab-new]@ git+https://github.com/unslothai/unsloth.git) (25.1.1)
Requirement already satisfied: pillow in /gpfs/helios/home/garzonuria/transformers-course/transformers-venv/lib/python3.10/site-packages (from unsloth_zoo>=2025.12.8->unsloth@ git+https://github.com/unslothai/unsloth.git->unsloth[colab-new]@ git+https://github.com/unslothai/unsloth.git) (12.0.0)
Requirement already satisfied: msgspec in /gpfs/helios/home/garzonuria/transformers-course/transformers-venv/lib/python3.10/site-packages (from unsloth_zoo>=2025.12.8->unsloth@ git+https://github.com/unslothai/unsloth.git->unsloth[colab-new]@ git+https://github.com/unslothai/unsloth.git) (0.20.0)
Requirement already satisfied: exceptiongroup>=1.0.2 in /gpfs/helios/home/garzonuria/transformers-course/transformers-venv/lib/python3.10/site-packages (from anyio->httpx<1.0.0->datasets!=4.0.*,!=4.1.0,<4.4.0,>=3.4.1->unsloth@ git+https://github.com/unslothai/unsloth.git->unsloth[colab-new]@ git+https://github.com/unslothai/unsloth.git) (1.3.1)
Requirement already satisfied: MarkupSafe>=2.0 in /gpfs/helios/home/garzonuria/transformers-course/transformers-venv/lib/python3.10/site-packages (from jinja2->torch<3,>=2.3->bitsandbytes!=0.46.0,!=0.48.0,>=0.45.5->unsloth@ git+https://github.com/unslothai/unsloth.git->unsloth[colab-new]@ git+https://github.com/unslothai/unsloth.git) (2.1.5)
Requirement already satisfied: python-dateutil>=2.8.2 in /gpfs/helios/home/garzonuria/transformers-course/transformers-venv/lib/python3.10/site-packages (from pandas->datasets!=4.0.*,!=4.1.0,<4.4.0,>=3.4.1->unsloth@ git+https://github.com/unslothai/unsloth.git->unsloth[colab-new]@ git+https://github.com/unslothai/unsloth.git) (2.9.0.post0)
Requirement already satisfied: pytz>=2020.1 in /gpfs/helios/home/garzonuria/transformers-course/transformers-venv/lib/python3.10/site-packages (from pandas->datasets!=4.0.*,!=4.1.0,<4.4.0,>=3.4.1->unsloth@ git+https://github.com/unslothai/unsloth.git->unsloth[colab-new]@ git+https://github.com/unslothai/unsloth.git) (2025.2)
Requirement already satisfied: tzdata>=2022.7 in /gpfs/helios/home/garzonuria/transformers-course/transformers-venv/lib/python3.10/site-packages (from pandas->datasets!=4.0.*,!=4.1.0,<4.4.0,>=3.4.1->unsloth@ git+https://github.com/unslothai/unsloth.git->unsloth[colab-new]@ git+https://github.com/unslothai/unsloth.git) (2025.3)
Requirement already satisfied: six>=1.5 in /gpfs/helios/home/garzonuria/transformers-course/transformers-venv/lib/python3.10/site-packages (from python-dateutil>=2.8.2->pandas->datasets!=4.0.*,!=4.1.0,<4.4.0,>=3.4.1->unsloth@ git+https://github.com/unslothai/unsloth.git->unsloth[colab-new]@ git+https://github.com/unslothai/unsloth.git) (1.17.0)
Requirement already satisfied: docstring-parser>=0.15 in /gpfs/helios/home/garzonuria/transformers-course/transformers-venv/lib/python3.10/site-packages (from tyro->unsloth@ git+https://github.com/unslothai/unsloth.git->unsloth[colab-new]@ git+https://github.com/unslothai/unsloth.git) (0.17.0)
Requirement already satisfied: typeguard>=4.0.0 in /gpfs/helios/home/garzonuria/transformers-course/transformers-venv/lib/python3.10/site-packages (from tyro->unsloth@ git+https://github.com/unslothai/unsloth.git->unsloth[colab-new]@ git+https://github.com/unslothai/unsloth.git) (4.4.4)
Found existing installation: torchao 0.15.0
Uninstalling torchao-0.15.0:
  Successfully uninstalled torchao-0.15.0
🦥 Unsloth: Will patch your computer to enable 2x faster free finetuning.
🦥 Unsloth Zoo will now patch everything to make training faster!
==((====))==  Unsloth 2025.12.10: Fast Qwen3_Vl patching. Transformers: 4.57.3.
   \\   /|    NVIDIA A100-PCIE-40GB. Num GPUs = 1. Max memory: 39.494 GB. Platform: Linux.
O^O/ \_/ \    Torch: 2.5.1+cu121. CUDA: 8.0. CUDA Toolkit: 12.1. Triton: 3.1.0
\        /    Bfloat16 = TRUE. FA [Xformers = 0.0.28.post2. FA2 = False]
 "-____-"     Free license: http://github.com/unslothai/unsloth
Unsloth: Fast downloading is enabled - ignore downloading bars which are red colored!
The model is already on multiple devices. Skipping the move to device specified in `args`.
==((====))==  Unsloth - 2x faster free finetuning | Num GPUs used = 1
   \\   /|    Num examples = 4,897 | Num Epochs = 1 | Total steps = 307
O^O/ \_/ \    Batch size per device = 4 | Gradient accumulation steps = 4
\        /    Data Parallel GPUs = 1 | Total batch size (4 x 4 x 1) = 16
 "-____-"     Trainable parameters = 33,030,144 of 4,470,845,952 (0.74% trained)
Loading datasets: ['maqa_single_commonsense_reasoning', 'maqa_single_math_reasoning', 'maqa_single_world_knowledge_nq']
Training samples: 4897
Unsloth: Model does not have a default image size - using 512
  0%|          | 0/307 [00:00<?, ?it/s]Unsloth: Will smartly offload gradients to save VRAM!
Traceback (most recent call last):
  File "/gpfs/helios/home/garzonuria/transformers-course/tf_project/src/model_fine_tuning.py", line 401, in <module>
    main()
  File "/gpfs/helios/home/garzonuria/transformers-course/tf_project/src/model_fine_tuning.py", line 395, in main
    result = run_fine_tuning(df_train)
  File "/gpfs/helios/home/garzonuria/transformers-course/tf_project/src/model_fine_tuning.py", line 360, in run_fine_tuning
    train_result = trainer.train()
  File "/gpfs/helios/home/garzonuria/transformers-course/tf_project/hpc/unsloth_compiled_cache/UnslothSFTTrainer.py", line 56, in wrapper
    output = f(self, *args, **kwargs)
  File "/gpfs/helios/home/garzonuria/transformers-course/transformers-venv/lib/python3.10/site-packages/transformers/trainer.py", line 2325, in train
    return inner_training_loop(
  File "<string>", line 328, in _fast_inner_training_loop
  File "/gpfs/helios/home/garzonuria/transformers-course/tf_project/hpc/unsloth_compiled_cache/UnslothSFTTrainer.py", line 1098, in training_step
    return super().training_step(*args, **kwargs)
  File "<string>", line 40, in _unsloth_training_step
  File "/gpfs/helios/home/garzonuria/transformers-course/tf_project/hpc/unsloth_compiled_cache/UnslothSFTTrainer.py", line 1087, in compute_loss
    outputs = super().compute_loss(
  File "/gpfs/helios/home/garzonuria/transformers-course/transformers-venv/lib/python3.10/site-packages/unsloth/models/_utils.py", line 1643, in _unsloth_pre_compute_loss
    outputs = self._old_compute_loss(model, inputs, *args, **kwargs)
  File "<string>", line 36, in compute_loss
  File "/gpfs/helios/home/garzonuria/transformers-course/transformers-venv/lib/python3.10/site-packages/torch/nn/modules/module.py", line 1736, in _wrapped_call_impl
    return self._call_impl(*args, **kwargs)
  File "/gpfs/helios/home/garzonuria/transformers-course/transformers-venv/lib/python3.10/site-packages/torch/nn/modules/module.py", line 1747, in _call_impl
    return forward_call(*args, **kwargs)
  File "/gpfs/helios/home/garzonuria/transformers-course/transformers-venv/lib/python3.10/site-packages/accelerate/utils/operations.py", line 819, in forward
    return model_forward(*args, **kwargs)
  File "/gpfs/helios/home/garzonuria/transformers-course/transformers-venv/lib/python3.10/site-packages/accelerate/utils/operations.py", line 807, in __call__
    return convert_to_fp32(self.model_forward(*args, **kwargs))
  File "/gpfs/helios/home/garzonuria/transformers-course/transformers-venv/lib/python3.10/site-packages/torch/amp/autocast_mode.py", line 44, in decorate_autocast
    return func(*args, **kwargs)
  File "/gpfs/helios/home/garzonuria/transformers-course/transformers-venv/lib/python3.10/site-packages/peft/peft_model.py", line 1923, in forward
    return self.base_model(
  File "/gpfs/helios/home/garzonuria/transformers-course/transformers-venv/lib/python3.10/site-packages/torch/nn/modules/module.py", line 1736, in _wrapped_call_impl
    return self._call_impl(*args, **kwargs)
  File "/gpfs/helios/home/garzonuria/transformers-course/transformers-venv/lib/python3.10/site-packages/torch/nn/modules/module.py", line 1844, in _call_impl
    return inner()
  File "/gpfs/helios/home/garzonuria/transformers-course/transformers-venv/lib/python3.10/site-packages/torch/nn/modules/module.py", line 1790, in inner
    result = forward_call(*args, **kwargs)
  File "/gpfs/helios/home/garzonuria/transformers-course/transformers-venv/lib/python3.10/site-packages/peft/tuners/tuners_utils.py", line 308, in forward
    return self.model.forward(*args, **kwargs)
  File "/gpfs/helios/home/garzonuria/transformers-course/tf_project/hpc/unsloth_compiled_cache/unsloth_compiled_module_qwen3_vl.py", line 1215, in forward
    return Qwen3VLForConditionalGeneration_forward(self, input_ids, attention_mask, position_ids, past_key_values, inputs_embeds, labels, pixel_values, pixel_values_videos, image_grid_thw, video_grid_thw, cache_position, logits_to_keep, **kwargs)
  File "/gpfs/helios/home/garzonuria/transformers-course/tf_project/hpc/unsloth_compiled_cache/unsloth_compiled_module_qwen3_vl.py", line 1019, in Qwen3VLForConditionalGeneration_forward
    outputs = self.model(
  File "/gpfs/helios/home/garzonuria/transformers-course/transformers-venv/lib/python3.10/site-packages/torch/nn/modules/module.py", line 1736, in _wrapped_call_impl
    return self._call_impl(*args, **kwargs)
  File "/gpfs/helios/home/garzonuria/transformers-course/transformers-venv/lib/python3.10/site-packages/torch/nn/modules/module.py", line 1747, in _call_impl
    return forward_call(*args, **kwargs)
  File "/gpfs/helios/home/garzonuria/transformers-course/tf_project/hpc/unsloth_compiled_cache/unsloth_compiled_module_qwen3_vl.py", line 985, in forward
    return Qwen3VLModel_forward(self, input_ids, attention_mask, position_ids, past_key_values, inputs_embeds, pixel_values, pixel_values_videos, image_grid_thw, video_grid_thw, cache_position, **kwargs)
  File "/gpfs/helios/home/garzonuria/transformers-course/tf_project/hpc/unsloth_compiled_cache/unsloth_compiled_module_qwen3_vl.py", line 733, in Qwen3VLModel_forward
    outputs = self.language_model(
  File "/gpfs/helios/home/garzonuria/transformers-course/transformers-venv/lib/python3.10/site-packages/torch/nn/modules/module.py", line 1736, in _wrapped_call_impl
    return self._call_impl(*args, **kwargs)
  File "/gpfs/helios/home/garzonuria/transformers-course/transformers-venv/lib/python3.10/site-packages/torch/nn/modules/module.py", line 1747, in _call_impl
    return forward_call(*args, **kwargs)
  File "/gpfs/helios/home/garzonuria/transformers-course/transformers-venv/lib/python3.10/site-packages/transformers/utils/generic.py", line 1072, in wrapper
    outputs = func(self, *args, **kwargs)
  File "/gpfs/helios/home/garzonuria/transformers-course/transformers-venv/lib/python3.10/site-packages/transformers/models/qwen3_vl/modeling_qwen3_vl.py", line 850, in forward
    layer_outputs = decoder_layer(
  File "/gpfs/helios/home/garzonuria/transformers-course/transformers-venv/lib/python3.10/site-packages/transformers/modeling_layers.py", line 93, in __call__
    return self._gradient_checkpointing_func(partial(super().__call__, **kwargs), *args)
  File "/gpfs/helios/home/garzonuria/transformers-course/transformers-venv/lib/python3.10/site-packages/torch/_compile.py", line 32, in inner
    return disable_fn(*args, **kwargs)
  File "/gpfs/helios/home/garzonuria/transformers-course/transformers-venv/lib/python3.10/site-packages/torch/_dynamo/eval_frame.py", line 632, in _fn
    return fn(*args, **kwargs)
  File "/gpfs/helios/home/garzonuria/transformers-course/transformers-venv/lib/python3.10/site-packages/torch/utils/checkpoint.py", line 489, in checkpoint
    return CheckpointFunction.apply(function, preserve, *args)
  File "/gpfs/helios/home/garzonuria/transformers-course/transformers-venv/lib/python3.10/site-packages/torch/autograd/function.py", line 575, in apply
    return super().apply(*args, **kwargs)  # type: ignore[misc]
  File "/gpfs/helios/home/garzonuria/transformers-course/transformers-venv/lib/python3.10/site-packages/unsloth_zoo/gradient_checkpointing.py", line 493, in forward
    outputs = run_function(*args)
  File "/gpfs/helios/home/garzonuria/transformers-course/transformers-venv/lib/python3.10/site-packages/torch/nn/modules/module.py", line 1736, in _wrapped_call_impl
    return self._call_impl(*args, **kwargs)
  File "/gpfs/helios/home/garzonuria/transformers-course/transformers-venv/lib/python3.10/site-packages/torch/nn/modules/module.py", line 1747, in _call_impl
    return forward_call(*args, **kwargs)
  File "/gpfs/helios/home/garzonuria/transformers-course/transformers-venv/lib/python3.10/site-packages/transformers/utils/deprecation.py", line 172, in wrapped_func
    return func(*args, **kwargs)
  File "/gpfs/helios/home/garzonuria/transformers-course/transformers-venv/lib/python3.10/site-packages/transformers/models/qwen3_vl/modeling_qwen3_vl.py", line 517, in forward
    hidden_states = self.mlp(hidden_states)
  File "/gpfs/helios/home/garzonuria/transformers-course/transformers-venv/lib/python3.10/site-packages/torch/nn/modules/module.py", line 1736, in _wrapped_call_impl
    return self._call_impl(*args, **kwargs)
  File "/gpfs/helios/home/garzonuria/transformers-course/transformers-venv/lib/python3.10/site-packages/torch/nn/modules/module.py", line 1747, in _call_impl
    return forward_call(*args, **kwargs)
  File "/gpfs/helios/home/garzonuria/transformers-course/tf_project/hpc/unsloth_compiled_cache/unsloth_compiled_module_qwen3_vl.py", line 610, in forward
    return Qwen3VLTextMLP_forward(self, x)
  File "/gpfs/helios/home/garzonuria/transformers-course/transformers-venv/lib/python3.10/site-packages/torch/_dynamo/eval_frame.py", line 465, in _fn
    return fn(*args, **kwargs)
  File "/gpfs/helios/home/garzonuria/transformers-course/tf_project/hpc/unsloth_compiled_cache/unsloth_compiled_module_qwen3_vl.py", line 595, in Qwen3VLTextMLP_forward
    down_proj = self.down_proj(self.act_fn(self.gate_proj(x)) * self.up_proj(x))
  File "/gpfs/helios/home/garzonuria/transformers-course/transformers-venv/lib/python3.10/site-packages/torch/nn/modules/module.py", line 1736, in _wrapped_call_impl
    return self._call_impl(*args, **kwargs)
  File "/gpfs/helios/home/garzonuria/transformers-course/transformers-venv/lib/python3.10/site-packages/torch/nn/modules/module.py", line 1747, in _call_impl
    return forward_call(*args, **kwargs)
  File "/gpfs/helios/home/garzonuria/transformers-course/tf_project/hpc/unsloth_compiled_cache/Linear_peft_forward.py", line 66, in unsloth_forward
    variant_kwargs = {k: kwargs.pop(k, None) for k in VARIANT_KWARG_KEYS}  # don't pass these to base_layer
NameError: name 'VARIANT_KWARG_KEYS' is not defined
  0%|          | 0/307 [00:06<?, ?it/s]
