🦥 Unsloth: Will patch your computer to enable 2x faster free finetuning.
🦥 Unsloth Zoo will now patch everything to make training faster!
==((====))==  Unsloth 2025.12.10: Fast Qwen3_Vl patching. Transformers: 4.57.3.
   \\   /|    NVIDIA A100-PCIE-40GB. Num GPUs = 1. Max memory: 39.494 GB. Platform: Linux.
O^O/ \_/ \    Torch: 2.5.0+cu124. CUDA: 8.0. CUDA Toolkit: 12.4. Triton: 3.1.0
\        /    Bfloat16 = TRUE. FA [Xformers = 0.0.28.post2. FA2 = False]
 "-____-"     Free license: http://github.com/unslothai/unsloth
Unsloth: Fast downloading is enabled - ignore downloading bars which are red colored!
Resetting results file: finetuned_results.csv
Loading and processing datasets...
Test mode: limiting to head(10) rows per dataset
Adding response type metadata...
[Init] Loading Unsloth LoRA model from: ../hpc/qwen3_vl_lora_finetuned
==((====))==  Unsloth 2025.12.10: Fast Qwen3_Vl patching. Transformers: 4.57.3.
   \\   /|    NVIDIA A100-PCIE-40GB. Num GPUs = 1. Max memory: 39.494 GB. Platform: Linux.
O^O/ \_/ \    Torch: 2.5.0+cu124. CUDA: 8.0. CUDA Toolkit: 12.4. Triton: 3.1.0
\        /    Bfloat16 = TRUE. FA [Xformers = 0.0.28.post2. FA2 = False]
 "-____-"     Free license: http://github.com/unslothai/unsloth
Unsloth: Fast downloading is enabled - ignore downloading bars which are red colored!
slurmstepd: error: *** JOB 62095391 ON pegasus CANCELLED AT 2026-01-05T11:48:29 ***
